 xerces-c_3_1

 Timestamp is 53e90b57 (Mon Aug 11 20:28:39 2014)

 Preferred load address is 12000000

 Start         Length     Name                   Class
 0001:00000000 00026900H .text                   CODE
 0001:00026900 0000111cH .text$x                 CODE
 0001:00027a1c 0000018aH .text$yc                CODE
 0001:00027ba6 00000082H .text$yd                CODE
 0002:00000000 0000009cH .idata$5                DATA
 0002:000000a0 0002feb0H .rdata                  DATA
 0002:0002ff50 0000006bH .rdata$debug            DATA
 0002:0002ffbc 00000044H .rdata$r                DATA
 0002:00030000 000002f0H .rdata$sxdata           DATA
 0002:000302f0 00000004H .rtc$IAA                DATA
 0002:000302f4 00000004H .rtc$IZZ                DATA
 0002:000302f8 00000004H .rtc$TAA                DATA
 0002:000302fc 00000004H .rtc$TZZ                DATA
 0002:00030300 00004f80H .xdata$x                DATA
 0002:00035280 00000028H .idata$2                DATA
 0002:000352a8 00000014H .idata$3                DATA
 0002:000352bc 0000009cH .idata$4                DATA
 0002:00035358 00000256H .idata$6                DATA
 0002:000355ae 00000000H .edata                  DATA
 0003:00000000 00000004H .CRT$XCA                DATA
 0003:00000004 00000004H .CRT$XCAA               DATA
 0003:00000008 00000034H .CRT$XCU                DATA
 0003:0000003c 00000004H .CRT$XCZ                DATA
 0003:00000040 00000004H .CRT$XIA                DATA
 0003:00000044 00000004H .CRT$XIZ                DATA
 0003:00000050 000214d0H .data                   DATA
 0003:00021520 000002d4H .bss                    DATA
 0004:00000000 000009a0H .rsrc$01                DATA
 0004:000009a0 00013130H .rsrc$02                DATA

  Address         Publics by Value              Rva+Base     Lib:Object

 0000:00000000       __except_list              00000000     <absolute>
 0000:000000bc       ___safe_se_handler_count   000000bc     <absolute>
 0000:00009876       __ldused                   00009876     <absolute>
 0000:00009876       __fltused                  00009876     <absolute>
 0001:00000000       ?stringLen@XMLString@xercesc_3_1@@SAKQBG@Z 12001000 f i Base64.obj
 0001:0000003f       ?getDataLength@Base64@xercesc_3_1@@SAHQBGQAVMemoryManager@2@W4Conformance@12@@Z 1200103f f   Base64.obj
 0001:00000071       ?decode@Base64@xercesc_3_1@@SAPAEQBEPAKQAVMemoryManager@2@W4Conformance@12@@Z 12001071 f   Base64.obj
 0001:000000a6       ?decodeToXMLByte@Base64@xercesc_3_1@@SAPAEQBGPAKQAVMemoryManager@2@W4Conformance@12@@Z 120010a6 f   Base64.obj
 0001:0000013a       ?decode@Base64@xercesc_3_1@@CAPAEQBEPAKAAPAEQAVMemoryManager@2@W4Conformance@12@@Z 1200113a f   Base64.obj
 0001:000003f0       ??1?$ArrayJanitor@E@xercesc_3_1@@QAE@XZ 120013f0 f i Base64.obj
 0001:000003f8       ?reset@?$ArrayJanitor@E@xercesc_3_1@@QAEXPAE@Z 120013f8 f i Base64.obj
 0001:00000420       ?equals@XMLString@xercesc_3_1@@SA_NPBG0@Z 12001420 f i EncodingValidator.obj
 0001:0000046b       ?hash@XMLString@xercesc_3_1@@SAKQBGK@Z 1200146b f i EncodingValidator.obj
 0001:000004ae       ??0IllegalArgumentException@xercesc_3_1@@QAE@QBD_KW4Codes@XMLExcepts@1@PAVMemoryManager@1@@Z 120014ae f i EncodingValidator.obj
 0001:000004ed       ??0IllegalArgumentException@xercesc_3_1@@QAE@ABV01@@Z 120014ed f i EncodingValidator.obj
 0001:00000505       ??1IllegalArgumentException@xercesc_3_1@@UAE@XZ 12001505 f i EncodingValidator.obj
 0001:00000510       ?duplicate@IllegalArgumentException@xercesc_3_1@@UBEPAVXMLException@2@XZ 12001510 f i EncodingValidator.obj
 0001:0000054c       ?getType@IllegalArgumentException@xercesc_3_1@@UBEPBGXZ 1200154c f i EncodingValidator.obj
 0001:00000552       ??_GIllegalArgumentException@xercesc_3_1@@UAEPAXI@Z 12001552 f i EncodingValidator.obj
 0001:00000552       ??_EIllegalArgumentException@xercesc_3_1@@UAEPAXI@Z 12001552 f i EncodingValidator.obj
 0001:0000056e       ?replicate@XMLString@xercesc_3_1@@SAPAGQBGQAVMemoryManager@2@@Z 1200156e f i HexBin.obj
 0001:000005a0       ?getDataLength@HexBin@xercesc_3_1@@SAHQBG@Z 120015a0 f   HexBin.obj
 0001:000005c0       ?isArrayByteHex@HexBin@xercesc_3_1@@SA_NQBG@Z 120015c0 f   HexBin.obj
 0001:000005fc       ?isHex@HexBin@xercesc_3_1@@CA_NABG@Z 120015fc f   HexBin.obj
 0001:0000061a       ??_GXSerializable@xercesc_3_1@@UAEPAXI@Z 1200161a f i KVStringPair.obj
 0001:0000061a       ??_EXSerializable@xercesc_3_1@@UAEPAXI@Z 1200161a f i KVStringPair.obj
 0001:00000637       ?setKey@KVStringPair@xercesc_3_1@@QAEXQBGK@Z 12001637 f i KVStringPair.obj
 0001:00000676       ?setValue@KVStringPair@xercesc_3_1@@QAEXQBGK@Z 12001676 f i KVStringPair.obj
 0001:000006b5       ?set@KVStringPair@xercesc_3_1@@QAEXQBG0@Z 120016b5 f i KVStringPair.obj
 0001:000006e6       ??0KVStringPair@xercesc_3_1@@QAE@QAVMemoryManager@1@@Z 120016e6 f   KVStringPair.obj
 0001:00000704       ??_GKVStringPair@xercesc_3_1@@UAEPAXI@Z 12001704 f i KVStringPair.obj
 0001:00000704       ??_EKVStringPair@xercesc_3_1@@UAEPAXI@Z 12001704 f i KVStringPair.obj
 0001:00000721       ??0KVStringPair@xercesc_3_1@@QAE@ABV01@@Z 12001721 f   KVStringPair.obj
 0001:0000076d       ??1KVStringPair@xercesc_3_1@@UAE@XZ 1200176d f   KVStringPair.obj
 0001:000007b0       ?createObject@KVStringPair@xercesc_3_1@@SAPAVXSerializable@2@PAVMemoryManager@2@@Z 120017b0 f   KVStringPair.obj
 0001:000007cd       ?getProtoType@KVStringPair@xercesc_3_1@@UBEPAVXProtoType@2@XZ 120017cd f   KVStringPair.obj
 0001:000007d3       ?serialize@KVStringPair@xercesc_3_1@@UAEXAAVXSerializeEngine@2@@Z 120017d3 f   KVStringPair.obj
 0001:00000834       ??1XMLMutexLock@xercesc_3_1@@QAE@XZ 12001834 f   Mutexes.obj
 0001:0000083f       ??0RuntimeException@xercesc_3_1@@QAE@QBD_KW4Codes@XMLExcepts@1@PAVMemoryManager@1@@Z 1200183f f i PlatformUtils.obj
 0001:0000087e       ??0RuntimeException@xercesc_3_1@@QAE@ABV01@@Z 1200187e f i PlatformUtils.obj
 0001:00000896       ??1RuntimeException@xercesc_3_1@@UAE@XZ 12001896 f i PlatformUtils.obj
 0001:000008a1       ?duplicate@RuntimeException@xercesc_3_1@@UBEPAVXMLException@2@XZ 120018a1 f i PlatformUtils.obj
 0001:000008dd       ?getType@RuntimeException@xercesc_3_1@@UBEPBGXZ 120018dd f i PlatformUtils.obj
 0001:000008e3       ??_GRuntimeException@xercesc_3_1@@UAEPAXI@Z 120018e3 f i PlatformUtils.obj
 0001:000008e3       ??_ERuntimeException@xercesc_3_1@@UAEPAXI@Z 120018e3 f i PlatformUtils.obj
 0001:000008ff       ?panic@XMLPlatformUtils@xercesc_3_1@@SAXW4PanicReasons@PanicHandler@2@@Z 120018ff f   PlatformUtils.obj
 0001:00000919       ?lockMutex@XMLPlatformUtils@xercesc_3_1@@SAXQAX@Z 12001919 f   PlatformUtils.obj
 0001:0000093b       ?unlockMutex@XMLPlatformUtils@xercesc_3_1@@SAXQAX@Z 1200193b f   PlatformUtils.obj
 0001:0000095d       ??1?$ArrayJanitor@PAU?$RefHashTableBucketElem@VXMLNotationDecl@xercesc_3_1@@@xercesc_3_1@@@xercesc_3_1@@QAE@XZ 1200195d f i XTemplateSerializer.obj
 0001:0000095d       ??1?$ArrayJanitor@PAU?$RefHashTableBucketElem@VDatatypeValidator@xercesc_3_1@@@xercesc_3_1@@@xercesc_3_1@@QAE@XZ 1200195d f i XTemplateSerializer.obj
 0001:0000095d       ??1?$ArrayJanitor@PAU?$RefHashTableBucketElem@VComplexTypeInfo@xercesc_3_1@@@xercesc_3_1@@@xercesc_3_1@@QAE@XZ 1200195d f i XTemplateSerializer.obj
 0001:0000095d       ??1?$ArrayJanitor@PAU?$RefHashTableBucketElem@VXMLInteger@xercesc_3_1@@@xercesc_3_1@@@xercesc_3_1@@QAE@XZ 1200195d f i DFAContentModel.obj
 0001:0000095d       ??1?$ArrayJanitor@PAU?$RefHashTableBucketElem@VDTDEntityDecl@xercesc_3_1@@@xercesc_3_1@@@xercesc_3_1@@QAE@XZ 1200195d f i XTemplateSerializer.obj
 0001:0000095d       ??1?$ArrayJanitor@PAU?$RefHashTableBucketElem@VXSerializedObjectId@xercesc_3_1@@@xercesc_3_1@@@xercesc_3_1@@QAE@XZ 1200195d f i XSerializeEngine.obj
 0001:0000095d       ??1?$ArrayJanitor@PAU?$RefHashTableBucketElem@VXSAnnotation@xercesc_3_1@@@xercesc_3_1@@@xercesc_3_1@@QAE@XZ 1200195d f i XTemplateSerializer.obj
 0001:0000095d       ??1?$ArrayJanitor@PAU?$RefHashTableBucketElem@UPoolElem@XMLStringPool@xercesc_3_1@@@xercesc_3_1@@@xercesc_3_1@@QAE@XZ 1200195d f i StringPool.obj
 0001:0000095d       ??1?$ArrayJanitor@PAU?$RefHashTableBucketElem@VXMLAttDef@xercesc_3_1@@@xercesc_3_1@@@xercesc_3_1@@QAE@XZ 1200195d f i XTemplateSerializer.obj
 0001:0000095d       ??1?$ArrayJanitor@PAU?$RefHashTableBucketElem@VXercesGroupInfo@xercesc_3_1@@@xercesc_3_1@@@xercesc_3_1@@QAE@XZ 1200195d f i XTemplateSerializer.obj
 0001:0000095d       ??1?$ArrayJanitor@PAU?$RefHashTableBucketElem@VXercesAttGroupInfo@xercesc_3_1@@@xercesc_3_1@@@xercesc_3_1@@QAE@XZ 1200195d f i XTemplateSerializer.obj
 0001:0000095d       ??1?$ArrayJanitor@PAU?$RefHashTableBucketElem@VDTDElementDecl@xercesc_3_1@@@xercesc_3_1@@@xercesc_3_1@@QAE@XZ 1200195d f i DGXMLScanner.obj
 0001:0000095d       ??1?$ArrayJanitor@_N@xercesc_3_1@@QAE@XZ 1200195d f i AllContentModel.obj
 0001:0000095d       ??1?$ArrayJanitor@PAU?$RefHash2KeysTableBucketElem@V?$ValueVectorOf@PAVSchemaElementDecl@xercesc_3_1@@@xercesc_3_1@@@xercesc_3_1@@@xercesc_3_1@@QAE@XZ 1200195d f i XTemplateSerializer.obj
 0001:0000095d       ??1?$ArrayJanitor@PAU?$RefHashTableBucketElem@VGrammar@xercesc_3_1@@@xercesc_3_1@@@xercesc_3_1@@QAE@XZ 1200195d f i XMLGrammarPoolImpl.obj
 0001:0000095d       ??1?$ArrayJanitor@D@xercesc_3_1@@QAE@XZ 1200195d f i XMLAbstractDoubleFloat.obj
 0001:0000095d       ??1?$ArrayJanitor@PAU?$RefHashTableBucketElem@VKVStringPair@xercesc_3_1@@@xercesc_3_1@@@xercesc_3_1@@QAE@XZ 1200195d f i XTemplateSerializer.obj
 0001:0000095d       ??1?$ArrayJanitor@PAU?$RefHash2KeysTableBucketElem@VSchemaAttDef@xercesc_3_1@@@xercesc_3_1@@@xercesc_3_1@@QAE@XZ 1200195d f i XTemplateSerializer.obj
 0001:0000095d       ??1?$ArrayJanitor@PAU?$RefHashTableBucketElem@VDTDAttDef@xercesc_3_1@@@xercesc_3_1@@@xercesc_3_1@@QAE@XZ 1200195d f i XTemplateSerializer.obj
 0001:0000095d       ??1?$ArrayJanitor@G@xercesc_3_1@@QAE@XZ 1200195d f i PlatformUtils.obj
 0001:00000965       ??0QName@xercesc_3_1@@QAE@QAVMemoryManager@1@@Z 12001965 f   QName.obj
 0001:0000098c       ??_GQName@xercesc_3_1@@UAEPAXI@Z 1200198c f i QName.obj
 0001:0000098c       ??_EQName@xercesc_3_1@@UAEPAXI@Z 1200198c f i QName.obj
 0001:000009a9       ??0QName@xercesc_3_1@@QAE@QBG0IQAVMemoryManager@1@@Z 120019a9 f   QName.obj
 0001:00000a3f       ??0QName@xercesc_3_1@@QAE@QBGIQAVMemoryManager@1@@Z 12001a3f f   QName.obj
 0001:00000ad2       ??1QName@xercesc_3_1@@UAE@XZ 12001ad2 f   QName.obj
 0001:00000b06       ??0QName@xercesc_3_1@@QAE@ABV01@@Z 12001b06 f   QName.obj
 0001:00000bb5       ?getRawName@QName@xercesc_3_1@@QAEPAGXZ 12001bb5 f   QName.obj
 0001:00000bb5       ?getRawName@QName@xercesc_3_1@@QBEPBGXZ 12001bb5 f   QName.obj
 0001:00000c3f       ?setName@QName@xercesc_3_1@@QAEXQBG0I@Z 12001c3f f   QName.obj
 0001:00000c7b       ?setName@QName@xercesc_3_1@@QAEXQBGI@Z 12001c7b f   QName.obj
 0001:00000d25       ?setNPrefix@QName@xercesc_3_1@@QAEXPBGK@Z 12001d25 f   QName.obj
 0001:00000d76       ?setNLocalPart@QName@xercesc_3_1@@QAEXPBGK@Z 12001d76 f   QName.obj
 0001:00000dc7       ?setValues@QName@xercesc_3_1@@QAEXABV12@@Z 12001dc7 f   QName.obj
 0001:00000df4       ?cleanUp@QName@xercesc_3_1@@QAEXXZ 12001df4 f   QName.obj
 0001:00000e25       ?createObject@QName@xercesc_3_1@@SAPAVXSerializable@2@PAVMemoryManager@2@@Z 12001e25 f   QName.obj
 0001:00000e42       ?getProtoType@QName@xercesc_3_1@@UBEPAVXProtoType@2@XZ 12001e42 f   QName.obj
 0001:00000e48       ?serialize@QName@xercesc_3_1@@UAEXAAVXSerializeEngine@2@@Z 12001e48 f   QName.obj
 0001:00000eca       ??1?$JanitorMemFunCall@VUnionDatatypeValidator@xercesc_3_1@@@xercesc_3_1@@QAE@XZ 12001eca f i UnionDatatypeValidator.obj
 0001:00000eca       ??1?$JanitorMemFunCall@VRegularExpression@xercesc_3_1@@@xercesc_3_1@@QAE@XZ 12001eca f i RegularExpression.obj
 0001:00000eca       ??1?$JanitorMemFunCall@VXMLUri@xercesc_3_1@@@xercesc_3_1@@QAE@XZ 12001eca f i XMLUri.obj
 0001:00000eca       ??1?$JanitorMemFunCall@VSchemaGrammar@xercesc_3_1@@@xercesc_3_1@@QAE@XZ 12001eca f i SchemaGrammar.obj
 0001:00000eca       ??1?$JanitorMemFunCall@VQName@xercesc_3_1@@@xercesc_3_1@@QAE@XZ 12001eca f i QName.obj
 0001:00000eca       ??1?$JanitorMemFunCall@VXMLBigDecimal@xercesc_3_1@@@xercesc_3_1@@QAE@XZ 12001eca f i XMLBigDecimal.obj
 0001:00000eca       ??1?$JanitorMemFunCall@VIdentityConstraint@xercesc_3_1@@@xercesc_3_1@@QAE@XZ 12001eca f i IdentityConstraint.obj
 0001:00000ed2       ?readString@XSerializeEngine@xercesc_3_1@@QAEXAAPAG@Z 12001ed2 f i StringPool.obj
 0001:00000eee       ?addOrFind@XMLStringPool@xercesc_3_1@@UAEIQBG@Z 12001eee f i StringPool.obj
 0001:00000f13       ?getId@XMLStringPool@xercesc_3_1@@UBEIQBG@Z 12001f13 f i StringPool.obj
 0001:00000f2c       ?exists@XMLStringPool@xercesc_3_1@@UBE_NQBG@Z 12001f2c f i StringPool.obj
 0001:00000f3b       ?exists@XMLStringPool@xercesc_3_1@@UBE_NI@Z 12001f3b f i StringPool.obj
 0001:00000f52       ?getValueForId@XMLStringPool@xercesc_3_1@@UBEPBGI@Z 12001f52 f i StringPool.obj
 0001:00000f9a       ?getStringCount@XMLStringPool@xercesc_3_1@@UBEIXZ 12001f9a f i StringPool.obj
 0001:00000f9f       ??_EXMLStringPool@xercesc_3_1@@UAEPAXI@Z 12001f9f f i StringPool.obj
 0001:00000f9f       ??_GXMLStringPool@xercesc_3_1@@UAEPAXI@Z 12001f9f f i StringPool.obj
 0001:00000fbb       ??1XMLStringPool@xercesc_3_1@@UAE@XZ 12001fbb f   StringPool.obj
 0001:00001032       ??_G?$RefHashTableOf@UPoolElem@XMLStringPool@xercesc_3_1@@UStringHasher@3@@xercesc_3_1@@QAEPAXI@Z 12002032 f i StringPool.obj
 0001:00001052       ?flushAll@XMLStringPool@xercesc_3_1@@UAEXXZ 12002052 f   StringPool.obj
 0001:00001095       ?addNewEntry@XMLStringPool@xercesc_3_1@@AAEIQBG@Z 12002095 f   StringPool.obj
 0001:0000114d       ?createObject@XMLStringPool@xercesc_3_1@@SAPAVXSerializable@2@PAVMemoryManager@2@@Z 1200214d f   StringPool.obj
 0001:00001188       ?getProtoType@XMLStringPool@xercesc_3_1@@UBEPAVXProtoType@2@XZ 12002188 f   StringPool.obj
 0001:0000118e       ?serialize@XMLStringPool@xercesc_3_1@@UAEXAAVXSerializeEngine@2@@Z 1200218e f   StringPool.obj
 0001:0000120c       ??0XMLStringPool@xercesc_3_1@@QAE@QAVMemoryManager@1@@Z 1200220c f   StringPool.obj
 0001:000012a2       ?removeAll@?$RefHashTableOf@UPoolElem@XMLStringPool@xercesc_3_1@@UStringHasher@3@@xercesc_3_1@@QAEXXZ 120022a2 f i StringPool.obj
 0001:000012f4       ?put@?$RefHashTableOf@UPoolElem@XMLStringPool@xercesc_3_1@@UStringHasher@3@@xercesc_3_1@@QAEXPAXQAUPoolElem@XMLStringPool@2@@Z 120022f4 f i StringPool.obj
 0001:0000136b       ?cleanup@?$RefHashTableOf@UPoolElem@XMLStringPool@xercesc_3_1@@UStringHasher@3@@xercesc_3_1@@QAEXXZ 1200236b f i StringPool.obj
 0001:00001383       ??0ArrayIndexOutOfBoundsException@xercesc_3_1@@QAE@QBD_KW4Codes@XMLExcepts@1@PAVMemoryManager@1@@Z 12002383 f i TransService.obj
 0001:000013c2       ??0ArrayIndexOutOfBoundsException@xercesc_3_1@@QAE@ABV01@@Z 120023c2 f i TransService.obj
 0001:000013da       ??1ArrayIndexOutOfBoundsException@xercesc_3_1@@UAE@XZ 120023da f i TransService.obj
 0001:000013e5       ?duplicate@ArrayIndexOutOfBoundsException@xercesc_3_1@@UBEPAVXMLException@2@XZ 120023e5 f i TransService.obj
 0001:00001421       ?getType@ArrayIndexOutOfBoundsException@xercesc_3_1@@UBEPBGXZ 12002421 f i TransService.obj
 0001:00001427       ??_EArrayIndexOutOfBoundsException@xercesc_3_1@@UAEPAXI@Z 12002427 f i TransService.obj
 0001:00001427       ??_GArrayIndexOutOfBoundsException@xercesc_3_1@@UAEPAXI@Z 12002427 f i TransService.obj
 0001:00001443       ??0TranscodingException@xercesc_3_1@@QAE@QBD_KW4Codes@XMLExcepts@1@PAVMemoryManager@1@@Z 12002443 f i TransService.obj
 0001:00001482       ??0TranscodingException@xercesc_3_1@@QAE@ABV01@@Z 12002482 f i TransService.obj
 0001:0000149a       ??1TranscodingException@xercesc_3_1@@UAE@XZ 1200249a f i TransService.obj
 0001:000014a5       ?duplicate@TranscodingException@xercesc_3_1@@UBEPAVXMLException@2@XZ 120024a5 f i TransService.obj
 0001:000014e1       ?getType@TranscodingException@xercesc_3_1@@UBEPBGXZ 120024e1 f i TransService.obj
 0001:000014e7       ??_ETranscodingException@xercesc_3_1@@UAEPAXI@Z 120024e7 f i TransService.obj
 0001:000014e7       ??_GTranscodingException@xercesc_3_1@@UAEPAXI@Z 120024e7 f i TransService.obj
 0001:00001503       ??1XMLTranscoder@xercesc_3_1@@UAE@XZ 12002503 f   TransService.obj
 0001:00001517       ??_GXMLTranscoder@xercesc_3_1@@UAEPAXI@Z 12002517 f i TransService.obj
 0001:00001517       ??_EXMLTranscoder@xercesc_3_1@@UAEPAXI@Z 12002517 f i TransService.obj
 0001:00001533       ??0XMLTranscoder@xercesc_3_1@@IAE@QBGKQAVMemoryManager@1@@Z 12002533 f   TransService.obj
 0001:00001559       ?reset@?$ArrayJanitor@G@xercesc_3_1@@QAEXPAGQAVMemoryManager@2@@Z 12002559 f i TransService.obj
 0001:00001584       ??2XMemory@xercesc_3_1@@SAPAXI@Z 12002584 f   XMemory.obj
 0001:0000159f       ??2XMemory@xercesc_3_1@@SAPAXIPAVMemoryManager@1@@Z 1200259f f   XMemory.obj
 0001:000015b0       ??3XMemory@xercesc_3_1@@SAXPAX@Z 120025b0 f   XMemory.obj
 0001:000015b0       ??3XMemory@xercesc_3_1@@SAXPAXPAVMemoryManager@1@@Z 120025b0 f   XMemory.obj
 0001:000015c0       ??0TranscodingException@xercesc_3_1@@QAE@QBD_KW4Codes@XMLExcepts@1@QBG333PAVMemoryManager@1@@Z 120025c0 f i XML256TableTranscoder.obj
 0001:0000160b       ??0NumberFormatException@xercesc_3_1@@QAE@QBD_KW4Codes@XMLExcepts@1@PAVMemoryManager@1@@Z 1200260b f i XMLAbstractDoubleFloat.obj
 0001:0000164a       ??0NumberFormatException@xercesc_3_1@@QAE@ABV01@@Z 1200264a f i XMLAbstractDoubleFloat.obj
 0001:00001662       ??0NumberFormatException@xercesc_3_1@@QAE@QBD_KW4Codes@XMLExcepts@1@QBG333PAVMemoryManager@1@@Z 12002662 f i XMLAbstractDoubleFloat.obj
 0001:000016ad       ??1NumberFormatException@xercesc_3_1@@UAE@XZ 120026ad f i XMLAbstractDoubleFloat.obj
 0001:000016b8       ?duplicate@NumberFormatException@xercesc_3_1@@UBEPAVXMLException@2@XZ 120026b8 f i XMLAbstractDoubleFloat.obj
 0001:000016f4       ?getType@NumberFormatException@xercesc_3_1@@UBEPBGXZ 120026f4 f i XMLAbstractDoubleFloat.obj
 0001:000016fa       ??_GNumberFormatException@xercesc_3_1@@UAEPAXI@Z 120026fa f i XMLAbstractDoubleFloat.obj
 0001:000016fa       ??_ENumberFormatException@xercesc_3_1@@UAEPAXI@Z 120026fa f i XMLAbstractDoubleFloat.obj
 0001:00001716       ??0XMLAbstractDoubleFloat@xercesc_3_1@@IAE@QAVMemoryManager@1@@Z 12002716 f   XMLAbstractDoubleFloat.obj
 0001:00001743       ??_EXMLAbstractDoubleFloat@xercesc_3_1@@UAEPAXI@Z 12002743 f i XMLAbstractDoubleFloat.obj
 0001:00001743       ??_GXMLAbstractDoubleFloat@xercesc_3_1@@UAEPAXI@Z 12002743 f i XMLAbstractDoubleFloat.obj
 0001:0000175f       ??1XMLAbstractDoubleFloat@xercesc_3_1@@UAE@XZ 1200275f f   XMLAbstractDoubleFloat.obj
 0001:000017a3       ?init@XMLAbstractDoubleFloat@xercesc_3_1@@IAEXQBG@Z 120027a3 f   XMLAbstractDoubleFloat.obj
 0001:0000198b       ?getRawData@XMLAbstractDoubleFloat@xercesc_3_1@@UBEPAGXZ 1200298b f   XMLAbstractDoubleFloat.obj
 0001:0000198b       ?getAttributes@XMLSchemaDescriptionImpl@xercesc_3_1@@UBEPBVXMLAttDef@2@XZ 1200298b f   XMLSchemaDescriptionImpl.obj
 0001:0000198f       ?getFormattedString@XMLAbstractDoubleFloat@xercesc_3_1@@UBEPBGXZ 1200298f f   XMLAbstractDoubleFloat.obj
 0001:000019af       ?formatString@XMLAbstractDoubleFloat@xercesc_3_1@@AAEXXZ 120029af f   XMLAbstractDoubleFloat.obj
 0001:00001a4b       ?getSign@XMLAbstractDoubleFloat@xercesc_3_1@@UBEHXZ 12002a4b f   XMLAbstractDoubleFloat.obj
 0001:00001a4b       ?getGrammarDescription@DTDGrammar@xercesc_3_1@@UBEPAVXMLGrammarDescription@2@XZ 12002a4b f   DTDGrammar.obj
 0001:00001a4b       ?getData2@ModifierOp@xercesc_3_1@@UBEHXZ 12002a4b f   Op.obj
 0001:00001a4b       ?getAttDefCount@SchemaAttDefList@xercesc_3_1@@UBEKXZ 12002a4b f   SchemaAttDefList.obj
 0001:00001a4b       ?getAttDefCount@DTDAttDefList@xercesc_3_1@@UBEKXZ 12002a4b f   DTDAttDefList.obj
 0001:00001a4b       ?getEnclosingElementName@XMLSchemaDescriptionImpl@xercesc_3_1@@UBEPBVQName@2@XZ 12002a4b f   XMLSchemaDescriptionImpl.obj
 0001:00001a4f       ?compareValues@XMLAbstractDoubleFloat@xercesc_3_1@@KAHQBV12@0QAVMemoryManager@2@@Z 12002a4f f   XMLAbstractDoubleFloat.obj
 0001:00001adc       ?compareSpecial@XMLAbstractDoubleFloat@xercesc_3_1@@CAHQBV12@QAVMemoryManager@2@@Z 12002adc f   XMLAbstractDoubleFloat.obj
 0001:00001b63       ?normalizeZero@XMLAbstractDoubleFloat@xercesc_3_1@@AAEXQAG@Z 12002b63 f   XMLAbstractDoubleFloat.obj
 0001:00001c91       ?normalizeDecimalPoint@XMLAbstractDoubleFloat@xercesc_3_1@@SAXQAD@Z 12002c91 f   XMLAbstractDoubleFloat.obj
 0001:00001cb7       ?convert@XMLAbstractDoubleFloat@xercesc_3_1@@IAEXQAD@Z 12002cb7 f   XMLAbstractDoubleFloat.obj
 0001:00001d7f       ?getCanonicalRepresentation@XMLAbstractDoubleFloat@xercesc_3_1@@SAPAGQBGQAVMemoryManager@2@@Z 12002d7f f   XMLAbstractDoubleFloat.obj
 0001:0000200c       ?getProtoType@XMLAbstractDoubleFloat@xercesc_3_1@@UBEPAVXProtoType@2@XZ 1200300c f   XMLAbstractDoubleFloat.obj
 0001:00002012       ?serialize@XMLAbstractDoubleFloat@xercesc_3_1@@UAEXAAVXSerializeEngine@2@@Z 12003012 f   XMLAbstractDoubleFloat.obj
 0001:000020c1       ?getTargetNamespace@SchemaGrammar@xercesc_3_1@@UBEPBGXZ 120030c1 f i SchemaGrammar.obj
 0001:000020c1       ?getSign@XMLBigDecimal@xercesc_3_1@@UBEHXZ 120030c1 f i XMLBigDecimal.obj
 0001:000020c5       ?getData@ModifierOp@xercesc_3_1@@UBEHXZ 120030c5 f i Op.obj
 0001:000020c5       ?getRawData@XMLBigDecimal@xercesc_3_1@@UBEPAGXZ 120030c5 f i XMLBigDecimal.obj
 0001:000020c5       ?getFormattedString@XMLBigDecimal@xercesc_3_1@@UBEPBGXZ 120030c5 f i XMLBigDecimal.obj
 0001:000020c5       ?getTriggeringComponent@XMLSchemaDescriptionImpl@xercesc_3_1@@UBEPBVQName@2@XZ 120030c5 f i XMLSchemaDescriptionImpl.obj
 0001:000020c9       ??0XMLBigDecimal@xercesc_3_1@@QAE@QBGQAVMemoryManager@1@@Z 120030c9 f   XMLBigDecimal.obj
 0001:000021db       ??_EXMLBigDecimal@xercesc_3_1@@UAEPAXI@Z 120031db f i XMLBigDecimal.obj
 0001:000021db       ??_GXMLBigDecimal@xercesc_3_1@@UAEPAXI@Z 120031db f i XMLBigDecimal.obj
 0001:000021f8       ??1XMLBigDecimal@xercesc_3_1@@UAE@XZ 120031f8 f   XMLBigDecimal.obj
 0001:0000222c       ?cleanUp@XMLBigDecimal@xercesc_3_1@@AAEXXZ 1200322c f   XMLBigDecimal.obj
 0001:0000223d       ?getCanonicalRepresentation@XMLBigDecimal@xercesc_3_1@@SAPAGQBGQAVMemoryManager@2@@Z 1200323d f   XMLBigDecimal.obj
 0001:00002383       ?parseDecimal@XMLBigDecimal@xercesc_3_1@@SAXQBGQAGAAH22QAVMemoryManager@2@@Z 12003383 f   XMLBigDecimal.obj
 0001:000024f2       ?compareValues@XMLBigDecimal@xercesc_3_1@@SAHQBV12@0QAVMemoryManager@2@@Z 120034f2 f   XMLBigDecimal.obj
 0001:0000253b       ?toCompare@XMLBigDecimal@xercesc_3_1@@QBEHABV12@@Z 1200353b f   XMLBigDecimal.obj
 0001:0000259b       ?createObject@XMLBigDecimal@xercesc_3_1@@SAPAVXSerializable@2@PAVMemoryManager@2@@Z 1200359b f   XMLBigDecimal.obj
 0001:000025b8       ?getProtoType@XMLBigDecimal@xercesc_3_1@@UBEPAVXProtoType@2@XZ 120035b8 f   XMLBigDecimal.obj
 0001:000025be       ??0XMLBigDecimal@xercesc_3_1@@QAE@QAVMemoryManager@1@@Z 120035be f   XMLBigDecimal.obj
 0001:000025e2       ?serialize@XMLBigDecimal@xercesc_3_1@@UAEXAAVXSerializeEngine@2@@Z 120035e2 f   XMLBigDecimal.obj
 0001:0000272d       ?getCanonicalRepresentation@XMLBigInteger@xercesc_3_1@@SAPAGQBGQAVMemoryManager@2@_N@Z 1200372d f   XMLBigInteger.obj
 0001:000027f7       ?parseBigInteger@XMLBigInteger@xercesc_3_1@@SAXQBGQAGAAHQAVMemoryManager@2@@Z 120037f7 f   XMLBigInteger.obj
 0001:00002904       ?isValidNCName@XMLChar1_0@xercesc_3_1@@SA_NQBGK@Z 12003904 f   XMLChar.obj
 0001:0000293f       ?isValidName@XMLChar1_0@xercesc_3_1@@SA_NQBG@Z 1200393f f   XMLChar.obj
 0001:00002968       ?isValidQName@XMLChar1_0@xercesc_3_1@@SA_NQBGK@Z 12003968 f   XMLChar.obj
 0001:000029c5       ??0SchemaDateTimeException@xercesc_3_1@@QAE@ABV01@@Z 120039c5 f i XMLDateTime.obj
 0001:000029dd       ??0SchemaDateTimeException@xercesc_3_1@@QAE@QBD_KW4Codes@XMLExcepts@1@QBG333PAVMemoryManager@1@@Z 120039dd f i XMLDateTime.obj
 0001:00002a28       ??1SchemaDateTimeException@xercesc_3_1@@UAE@XZ 12003a28 f i XMLDateTime.obj
 0001:00002a33       ?duplicate@SchemaDateTimeException@xercesc_3_1@@UBEPAVXMLException@2@XZ 12003a33 f i XMLDateTime.obj
 0001:00002a6f       ?getType@SchemaDateTimeException@xercesc_3_1@@UBEPBGXZ 12003a6f f i XMLDateTime.obj
 0001:00002a75       ??_ESchemaDateTimeException@xercesc_3_1@@UAEPAXI@Z 12003a75 f i XMLDateTime.obj
 0001:00002a75       ??_GSchemaDateTimeException@xercesc_3_1@@UAEPAXI@Z 12003a75 f i XMLDateTime.obj
 0001:00002a91       ?setBuffer@XMLDateTime@xercesc_3_1@@QAEXQBG@Z 12003a91 f i XMLDateTime.obj
 0001:00002b0d       ?reset@XMLDateTime@xercesc_3_1@@AAEXXZ 12003b0d f i XMLDateTime.obj
 0001:00002b38       ?copy@XMLDateTime@xercesc_3_1@@AAEXABV12@@Z 12003b38 f i XMLDateTime.obj
 0001:00002bb4       ?initParser@XMLDateTime@xercesc_3_1@@AAE_NXZ 12003bb4 f i XMLDateTime.obj
 0001:00002bcb       ?getRetVal@XMLDateTime@xercesc_3_1@@CAHHH@Z 12003bcb f i XMLDateTime.obj
 0001:00002c90       ?compare@XMLDateTime@xercesc_3_1@@SAHQBV12@0_N@Z 12003c90 f   XMLDateTime.obj
 0001:00002e0a       ?addDuration@XMLDateTime@xercesc_3_1@@CAXPAV12@QBV12@H@Z 12003e0a f   XMLDateTime.obj
 0001:00002f5c       ?compareResult@XMLDateTime@xercesc_3_1@@CAHHH_N@Z 12003f5c f   XMLDateTime.obj
 0001:00002f7c       ?compare@XMLDateTime@xercesc_3_1@@SAHQBV12@0@Z 12003f7c f   XMLDateTime.obj
 0001:00002fe5       ?compareResult@XMLDateTime@xercesc_3_1@@CAHQBV12@0_NH@Z 12003fe5 f   XMLDateTime.obj
 0001:0000305e       ?compareOrder@XMLDateTime@xercesc_3_1@@SAHQBV12@0@Z 1200405e f   XMLDateTime.obj
 0001:00003111       ??1XMLDateTime@xercesc_3_1@@UAE@XZ 12004111 f   XMLDateTime.obj
 0001:0000314e       ??_GXMLDateTime@xercesc_3_1@@UAEPAXI@Z 1200414e f i XMLDateTime.obj
 0001:0000314e       ??_EXMLDateTime@xercesc_3_1@@UAEPAXI@Z 1200414e f i XMLDateTime.obj
 0001:0000316b       ??0XMLDateTime@xercesc_3_1@@QAE@QAVMemoryManager@1@@Z 1200416b f   XMLDateTime.obj
 0001:0000319a       ??0XMLDateTime@xercesc_3_1@@QAE@QBGQAVMemoryManager@1@@Z 1200419a f   XMLDateTime.obj
 0001:000031e3       ??0XMLDateTime@xercesc_3_1@@QAE@ABV01@@Z 120041e3 f   XMLDateTime.obj
 0001:00003222       ?getEnumString@UnionDatatypeValidator@xercesc_3_1@@UBEPBV?$RefArrayVectorOf@G@2@XZ 12004222 f   UnionDatatypeValidator.obj
 0001:00003222       ?getRawData@XMLDateTime@xercesc_3_1@@UBEPAGXZ 12004222 f   XMLDateTime.obj
 0001:00003226       ?getFormattedString@XMLDateTime@xercesc_3_1@@UBEPBGXZ 12004226 f   XMLDateTime.obj
 0001:0000322b       ?parseDateTime@XMLDateTime@xercesc_3_1@@QAEXXZ 1200422b f   XMLDateTime.obj
 0001:000032c1       ?parseDate@XMLDateTime@xercesc_3_1@@QAEXXZ 120042c1 f   XMLDateTime.obj
 0001:0000332a       ?parseTime@XMLDateTime@xercesc_3_1@@QAEXXZ 1200432a f   XMLDateTime.obj
 0001:000033a7       ?parseDay@XMLDateTime@xercesc_3_1@@QAEXXZ 120043a7 f   XMLDateTime.obj
 0001:0000349a       ?parseMonth@XMLDateTime@xercesc_3_1@@QAEXXZ 1200449a f   XMLDateTime.obj
 0001:000035aa       ?parseYear@XMLDateTime@xercesc_3_1@@QAEXXZ 120045aa f   XMLDateTime.obj
 0001:0000364d       ?parseMonthDay@XMLDateTime@xercesc_3_1@@QAEXXZ 1200464d f   XMLDateTime.obj
 0001:00003741       ?parseYearMonth@XMLDateTime@xercesc_3_1@@QAEXXZ 12004741 f   XMLDateTime.obj
 0001:000037b1       ?parseDuration@XMLDateTime@xercesc_3_1@@QAEXXZ 120047b1 f   XMLDateTime.obj
 0001:00003aa7       ?getDate@XMLDateTime@xercesc_3_1@@AAEXXZ 12004aa7 f   XMLDateTime.obj
 0001:00003b32       ?getTime@XMLDateTime@xercesc_3_1@@AAEXXZ 12004b32 f   XMLDateTime.obj
 0001:00003c77       ?getYearMonth@XMLDateTime@xercesc_3_1@@AAEXXZ 12004c77 f   XMLDateTime.obj
 0001:00003d32       ?parseTimeZone@XMLDateTime@xercesc_3_1@@AAEXXZ 12004d32 f   XMLDateTime.obj
 0001:00003d9f       ?getTimeZone@XMLDateTime@xercesc_3_1@@AAEXK@Z 12004d9f f   XMLDateTime.obj
 0001:00003e2f       ?normalize@XMLDateTime@xercesc_3_1@@AAEXXZ 12004e2f f   XMLDateTime.obj
 0001:00003f3e       ?validateDateTime@XMLDateTime@xercesc_3_1@@ABEXXZ 12004f3e f   XMLDateTime.obj
 0001:000040ef       ?indexOf@XMLDateTime@xercesc_3_1@@ABEHKKG@Z 120050ef f   XMLDateTime.obj
 0001:00004114       ?findUTCSign@XMLDateTime@xercesc_3_1@@AAEHK@Z 12005114 f   XMLDateTime.obj
 0001:00004151       ?parseInt@XMLDateTime@xercesc_3_1@@ABEHKK@Z 12005151 f   XMLDateTime.obj
 0001:000041b9       ?parseMiliSecond@XMLDateTime@xercesc_3_1@@ABENKK@Z 120051b9 f   XMLDateTime.obj
 0001:00004249       ?parseIntYear@XMLDateTime@xercesc_3_1@@ABEHK@Z 12005249 f   XMLDateTime.obj
 0001:000042e2       ?getDateTimeCanonicalRepresentation@XMLDateTime@xercesc_3_1@@QBEPAGQAVMemoryManager@2@@Z 120052e2 f   XMLDateTime.obj
 0001:00004454       ?getDateCanonicalRepresentation@XMLDateTime@xercesc_3_1@@QBEPAGQAVMemoryManager@2@@Z 12005454 f   XMLDateTime.obj
 0001:000046d4       ?getTimeCanonicalRepresentation@XMLDateTime@xercesc_3_1@@QBEPAGQAVMemoryManager@2@@Z 120056d4 f   XMLDateTime.obj
 0001:000047ad       ?fillString@XMLDateTime@xercesc_3_1@@ABEXAAPAGHK@Z 120057ad f   XMLDateTime.obj
 0001:0000481a       ?fillYearString@XMLDateTime@xercesc_3_1@@ABEHAAPAGH@Z 1200581a f   XMLDateTime.obj
 0001:000048ae       ?searchMiliSeconds@XMLDateTime@xercesc_3_1@@ABEXAAPAG0@Z 120058ae f   XMLDateTime.obj
 0001:000048fb       ?createObject@XMLDateTime@xercesc_3_1@@SAPAVXSerializable@2@PAVMemoryManager@2@@Z 120058fb f   XMLDateTime.obj
 0001:0000491a       ?getProtoType@XMLDateTime@xercesc_3_1@@UBEPAVXProtoType@2@XZ 1200591a f   XMLDateTime.obj
 0001:00004920       ?serialize@XMLDateTime@xercesc_3_1@@UAEXAAVXSerializeEngine@2@@Z 12005920 f   XMLDateTime.obj
 0001:000049ef       ??0XMLDouble@xercesc_3_1@@QAE@QBGQAVMemoryManager@1@@Z 120059ef f   XMLDouble.obj
 0001:00004a2a       ??_EXMLDouble@xercesc_3_1@@UAEPAXI@Z 12005a2a f i XMLDouble.obj
 0001:00004a2a       ??_GXMLDouble@xercesc_3_1@@UAEPAXI@Z 12005a2a f i XMLDouble.obj
 0001:00004a46       ??1XMLDouble@xercesc_3_1@@UAE@XZ 12005a46 f   XMLDouble.obj
 0001:00004a51       ?checkBoundary@XMLDouble@xercesc_3_1@@MAEXQAD@Z 12005a51 f   XMLDouble.obj
 0001:00004a61       ?createObject@XMLDouble@xercesc_3_1@@SAPAVXSerializable@2@PAVMemoryManager@2@@Z 12005a61 f   XMLDouble.obj
 0001:00004a7e       ?getProtoType@XMLDouble@xercesc_3_1@@UBEPAVXProtoType@2@XZ 12005a7e f   XMLDouble.obj
 0001:00004a84       ??0XMLDouble@xercesc_3_1@@QAE@QAVMemoryManager@1@@Z 12005a84 f   XMLDouble.obj
 0001:00004a96       ??1XMLException@xercesc_3_1@@UAE@XZ 12005a96 f   XMLException.obj
 0001:00004ab7       ??_EXMLException@xercesc_3_1@@UAEPAXI@Z 12005ab7 f i XMLException.obj
 0001:00004ab7       ??_GXMLException@xercesc_3_1@@UAEPAXI@Z 12005ab7 f i XMLException.obj
 0001:00004ad3       ??0XMLException@xercesc_3_1@@QAE@QBD_KQAVMemoryManager@1@@Z 12005ad3 f   XMLException.obj
 0001:00004b19       ??0XMLException@xercesc_3_1@@QAE@ABV01@@Z 12005b19 f   XMLException.obj
 0001:00004b6c       ?loadExceptText@XMLException@xercesc_3_1@@IAEXW4Codes@XMLExcepts@2@@Z 12005b6c f   XMLException.obj
 0001:00004bcf       ?loadExceptText@XMLException@xercesc_3_1@@IAEXW4Codes@XMLExcepts@2@QBG111@Z 12005bcf f   XMLException.obj
 0001:00004c57       ?loadExceptText@XMLException@xercesc_3_1@@IAEXW4Codes@XMLExcepts@2@QBD111@Z 12005c57 f   XMLException.obj
 0001:00004cdf       ??0XMLFloat@xercesc_3_1@@QAE@QBGQAVMemoryManager@1@@Z 12005cdf f   XMLFloat.obj
 0001:00004d1a       ??_GXMLFloat@xercesc_3_1@@UAEPAXI@Z 12005d1a f i XMLFloat.obj
 0001:00004d1a       ??_EXMLFloat@xercesc_3_1@@UAEPAXI@Z 12005d1a f i XMLFloat.obj
 0001:00004d36       ??1XMLFloat@xercesc_3_1@@UAE@XZ 12005d36 f   XMLFloat.obj
 0001:00004d41       ?checkBoundary@XMLFloat@xercesc_3_1@@MAEXQAD@Z 12005d41 f   XMLFloat.obj
 0001:00004e57       ?createObject@XMLFloat@xercesc_3_1@@SAPAVXSerializable@2@PAVMemoryManager@2@@Z 12005e57 f   XMLFloat.obj
 0001:00004e74       ?getProtoType@XMLFloat@xercesc_3_1@@UBEPAVXProtoType@2@XZ 12005e74 f   XMLFloat.obj
 0001:00004e7a       ??0XMLFloat@xercesc_3_1@@QAE@QAVMemoryManager@1@@Z 12005e7a f   XMLFloat.obj
 0001:00004e8c       ?serialize@XMLDouble@xercesc_3_1@@UAEXAAVXSerializeEngine@2@@Z 12005e8c f   XMLDouble.obj
 0001:00004e8c       ?serialize@XMLFloat@xercesc_3_1@@UAEXAAVXSerializeEngine@2@@Z 12005e8c f   XMLFloat.obj
 0001:00004e91       ??$_Pow_int@N@@YANNH@Z     12005e91 f i XMLFloat.obj
 0001:00004ebe       ??5xercesc_3_1@@YAAAVXSerializeEngine@0@AAV10@AAPAVXMLDouble@0@@Z 12005ebe f i XMLNumber.obj
 0001:00004ed7       ??5xercesc_3_1@@YAAAVXSerializeEngine@0@AAV10@AAPAVXMLFloat@0@@Z 12005ed7 f i XMLNumber.obj
 0001:00004ef0       ??5xercesc_3_1@@YAAAVXSerializeEngine@0@AAV10@AAPAVXMLDateTime@0@@Z 12005ef0 f i XMLNumber.obj
 0001:00004f09       ??5xercesc_3_1@@YAAAVXSerializeEngine@0@AAV10@AAPAVXMLBigDecimal@0@@Z 12005f09 f i XMLNumber.obj
 0001:00004f22       ?loadNumber@XMLNumber@xercesc_3_1@@SAPAV12@W4NumberType@12@AAVXSerializeEngine@2@@Z 12005f22 f   XMLNumber.obj
 0001:00004f6e       ?append@XMLBuffer@xercesc_3_1@@QAEXG@Z 12005f6e f i XMLString.obj
 0001:00004f94       ?validateRegion@XMLString@xercesc_3_1@@CA_NQBGH0HK@Z 12005f94 f i XMLString.obj
 0001:00004fc5       ?lastIndexOf@XMLString@xercesc_3_1@@SAHQBGG@Z 12005fc5 f i XMLString.obj
 0001:00004fdf       ?replicate@XMLString@xercesc_3_1@@SAPADQBDQAVMemoryManager@2@@Z 12005fdf f   XMLString.obj
 0001:00005018       ?transcode@XMLString@xercesc_3_1@@SAPADQBGQAVMemoryManager@2@@Z 12006018 f   XMLString.obj
 0001:0000502c       ?transcode@XMLString@xercesc_3_1@@SA_NQBGQADKQAVMemoryManager@2@@Z 1200602c f   XMLString.obj
 0001:00005048       ?transcode@XMLString@xercesc_3_1@@SAPAGQBDQAVMemoryManager@2@@Z 12006048 f   XMLString.obj
 0001:0000505c       ?isValidNOTATION@XMLString@xercesc_3_1@@SA_NQBGQAVMemoryManager@2@@Z 1200605c f   XMLString.obj
 0001:0000512c       ?isAlpha@XMLString@xercesc_3_1@@SA_NG@Z 1200612c f   XMLString.obj
 0001:0000514a       ?isDigit@XMLString@xercesc_3_1@@SA_NG@Z 1200614a f   XMLString.obj
 0001:00005160       ?isAlphaNum@XMLString@xercesc_3_1@@SA_NG@Z 12006160 f   XMLString.obj
 0001:00005184       ?isHex@XMLString@xercesc_3_1@@SA_NG@Z 12006184 f   XMLString.obj
 0001:000051b0       ?sizeToText@XMLString@xercesc_3_1@@SAXKQAGKIQAVMemoryManager@2@@Z 120061b0 f   XMLString.obj
 0001:000052d7       ?binToText@XMLString@xercesc_3_1@@SAXKQAGKIQAVMemoryManager@2@@Z 120062d7 f   XMLString.obj
 0001:000053fe       ?binToText@XMLString@xercesc_3_1@@SAXJQAGKIQAVMemoryManager@2@@Z 120063fe f   XMLString.obj
 0001:00005422       ?catString@XMLString@xercesc_3_1@@SAXQAGQBG@Z 12006422 f   XMLString.obj
 0001:00005448       ?compareNString@XMLString@xercesc_3_1@@SAHQBG0K@Z 12006448 f   XMLString.obj
 0001:00005477       ?compareNIString@XMLString@xercesc_3_1@@SAHQBG0K@Z 12006477 f   XMLString.obj
 0001:0000548f       ?compareString@XMLString@xercesc_3_1@@SAHQBG0@Z 1200648f f   XMLString.obj
 0001:000054ca       ?regionMatches@XMLString@xercesc_3_1@@SA_NQBGH0HK@Z 120064ca f   XMLString.obj
 0001:00005504       ?regionIMatches@XMLString@xercesc_3_1@@SA_NQBGH0HK@Z 12006504 f   XMLString.obj
 0001:00005542       ?copyString@XMLString@xercesc_3_1@@SAXQAGQBG@Z 12006542 f   XMLString.obj
 0001:00005567       ?copyNString@XMLString@xercesc_3_1@@SA_NQAGQBGK@Z 12006567 f   XMLString.obj
 0001:000055a6       ?findAny@XMLString@xercesc_3_1@@SAPBGQBG0@Z 120065a6 f   XMLString.obj
 0001:000055db       ?patternMatch@XMLString@xercesc_3_1@@SAHQBG0@Z 120065db f   XMLString.obj
 0001:00005630       ?indexOf@XMLString@xercesc_3_1@@SAHQBGG@Z 12006630 f   XMLString.obj
 0001:00005658       ?indexOf@XMLString@xercesc_3_1@@SAHQBGGKQAVMemoryManager@2@@Z 12006658 f   XMLString.obj
 0001:000056b2       ?lastIndexOf@XMLString@xercesc_3_1@@SAHGQBGK@Z 120066b2 f   XMLString.obj
 0001:000056d2       ?textToBin@XMLString@xercesc_3_1@@SA_NQBGAAIQAVMemoryManager@2@@Z 120066d2 f   XMLString.obj
 0001:000057b5       ?parseInt@XMLString@xercesc_3_1@@SAHQBGQAVMemoryManager@2@@Z 120067b5 f   XMLString.obj
 0001:000058dd       ?trim@XMLString@xercesc_3_1@@SAXQAG@Z 120068dd f   XMLString.obj
 0001:00005944       ?upperCase@XMLString@xercesc_3_1@@SAXQAG@Z 12006944 f   XMLString.obj
 0001:00005954       ?lowerCase@XMLString@xercesc_3_1@@SAXQAG@Z 12006954 f   XMLString.obj
 0001:00005964       ?subString@XMLString@xercesc_3_1@@SAXQAGQBGKKQAVMemoryManager@2@@Z 12006964 f   XMLString.obj
 0001:00005983       ?subString@XMLString@xercesc_3_1@@SAXQAGQBGKKKQAVMemoryManager@2@@Z 12006983 f   XMLString.obj
 0001:00005a03       ?tokenizeString@XMLString@xercesc_3_1@@SAPAV?$BaseRefVectorOf@G@2@QBGQAVMemoryManager@2@@Z 12006a03 f   XMLString.obj
 0001:00005b02       ?isWSReplaced@XMLString@xercesc_3_1@@SA_NQBG@Z 12006b02 f   XMLString.obj
 0001:00005b2c       ?replaceWS@XMLString@xercesc_3_1@@SAXPAGQAVMemoryManager@2@@Z 12006b2c f   XMLString.obj
 0001:00005b56       ?isWSCollapsed@XMLString@xercesc_3_1@@SA_NQBG@Z 12006b56 f   XMLString.obj
 0001:00005bad       ?collapseWS@XMLString@xercesc_3_1@@SAXPAGQAVMemoryManager@2@@Z 12006bad f   XMLString.obj
 0001:00005c5f       ?removeWS@XMLString@xercesc_3_1@@SAXPAGQAVMemoryManager@2@@Z 12006c5f f   XMLString.obj
 0001:00005c98       ??1?$BaseRefVectorOf@G@xercesc_3_1@@UAE@XZ 12006c98 f i XMLString.obj
 0001:00005c9f       ?setElementAt@?$BaseRefVectorOf@G@xercesc_3_1@@UAEXQAGK@Z 12006c9f f i XMLString.obj
 0001:00005cf7       ?removeAllElements@?$BaseRefVectorOf@G@xercesc_3_1@@UAEXXZ 12006cf7 f i XMLString.obj
 0001:00005d28       ?removeElementAt@?$BaseRefVectorOf@G@xercesc_3_1@@UAEXK@Z 12006d28 f i XMLString.obj
 0001:00005db3       ?removeLastElement@?$BaseRefVectorOf@G@xercesc_3_1@@UAEXXZ 12006db3 f i XMLString.obj
 0001:00005dd1       ?cleanup@?$BaseRefVectorOf@G@xercesc_3_1@@UAEXXZ 12006dd1 f i XMLString.obj
 0001:00005e02       ??0?$RefArrayVectorOf@G@xercesc_3_1@@QAE@K_NQAVMemoryManager@1@@Z 12006e02 f i XMLString.obj
 0001:00005e14       ??1?$RefArrayVectorOf@G@xercesc_3_1@@UAE@XZ 12006e14 f i XMLString.obj
 0001:00005e6f       ?setElementAt@?$RefArrayVectorOf@G@xercesc_3_1@@UAEXQAGK@Z 12006e6f f i XMLString.obj
 0001:00005ec9       ?removeAllElements@?$RefArrayVectorOf@G@xercesc_3_1@@UAEXXZ 12006ec9 f i XMLString.obj
 0001:00005efc       ?removeElementAt@?$RefArrayVectorOf@G@xercesc_3_1@@UAEXK@Z 12006efc f i XMLString.obj
 0001:00005f86       ?removeLastElement@?$RefArrayVectorOf@G@xercesc_3_1@@UAEXXZ 12006f86 f i XMLString.obj
 0001:00005fac       ?cleanup@?$RefArrayVectorOf@G@xercesc_3_1@@UAEXXZ 12006fac f i XMLString.obj
 0001:00005fdf       ??_G?$BaseRefVectorOf@G@xercesc_3_1@@UAEPAXI@Z 12006fdf f i XMLString.obj
 0001:00005fdf       ??_E?$BaseRefVectorOf@G@xercesc_3_1@@UAEPAXI@Z 12006fdf f i XMLString.obj
 0001:00005ffc       ??_G?$RefArrayVectorOf@G@xercesc_3_1@@UAEPAXI@Z 12006ffc f i XMLString.obj
 0001:00005ffc       ??_E?$RefArrayVectorOf@G@xercesc_3_1@@UAEPAXI@Z 12006ffc f i XMLString.obj
 0001:00006019       ??0?$BaseRefVectorOf@G@xercesc_3_1@@QAE@K_NQAVMemoryManager@1@@Z 12007019 f i XMLString.obj
 0001:00006053       ??0MalformedURLException@xercesc_3_1@@QAE@QBD_KW4Codes@XMLExcepts@1@PAVMemoryManager@1@@Z 12007053 f i XMLUri.obj
 0001:00006092       ??0MalformedURLException@xercesc_3_1@@QAE@ABV01@@Z 12007092 f i XMLUri.obj
 0001:000060aa       ??0MalformedURLException@xercesc_3_1@@QAE@QBD_KW4Codes@XMLExcepts@1@QBG333PAVMemoryManager@1@@Z 120070aa f i XMLUri.obj
 0001:000060f5       ??1MalformedURLException@xercesc_3_1@@UAE@XZ 120070f5 f i XMLUri.obj
 0001:00006100       ?duplicate@MalformedURLException@xercesc_3_1@@UBEPAVXMLException@2@XZ 12007100 f i XMLUri.obj
 0001:0000613c       ?getType@MalformedURLException@xercesc_3_1@@UBEPBGXZ 1200713c f i XMLUri.obj
 0001:00006142       ??_EMalformedURLException@xercesc_3_1@@UAEPAXI@Z 12007142 f i XMLUri.obj
 0001:00006142       ??_GMalformedURLException@xercesc_3_1@@UAEPAXI@Z 12007142 f i XMLUri.obj
 0001:0000615e       ?startsWith@XMLString@xercesc_3_1@@SA_NQBG0@Z 1200715e f i XMLUri.obj
 0001:0000617c       ?endsWith@XMLString@xercesc_3_1@@SA_NQBG0@Z 1200717c f i XMLUri.obj
 0001:000061a9       ?isReservedOrUnreservedCharacter@XMLUri@xercesc_3_1@@CA_NG@Z 120071a9 f i XMLUri.obj
 0001:000061d6       ?isReservedCharacter@XMLUri@xercesc_3_1@@CA_NG@Z 120071d6 f i XMLUri.obj
 0001:000061f2       ?isPathCharacter@XMLUri@xercesc_3_1@@CA_NG@Z 120071f2 f i XMLUri.obj
 0001:0000620e       ?isUnreservedCharacter@XMLUri@xercesc_3_1@@CA_NG@Z 1200720e f i XMLUri.obj
 0001:0000623b       ??0XMLUri@xercesc_3_1@@QAE@QBGQAVMemoryManager@1@@Z 1200723b f   XMLUri.obj
 0001:000062d2       ??_GXMLUri@xercesc_3_1@@UAEPAXI@Z 120072d2 f i XMLUri.obj
 0001:000062d2       ??_EXMLUri@xercesc_3_1@@UAEPAXI@Z 120072d2 f i XMLUri.obj
 0001:000062ee       ??1XMLUri@xercesc_3_1@@UAE@XZ 120072ee f   XMLUri.obj
 0001:00006321       ?cleanUp@XMLUri@xercesc_3_1@@AAEXXZ 12007321 f   XMLUri.obj
 0001:000063bd       ?initialize@XMLUri@xercesc_3_1@@AAEXABV12@@Z 120073bd f   XMLUri.obj
 0001:0000642e       ?initialize@XMLUri@xercesc_3_1@@AAEXQBV12@QBG@Z 1200742e f   XMLUri.obj
 0001:00006b13       ?initializeAuthority@XMLUri@xercesc_3_1@@AAEXQBG@Z 12007b13 f   XMLUri.obj
 0001:00006d41       ?initializeScheme@XMLUri@xercesc_3_1@@AAEXQBG@Z 12007d41 f   XMLUri.obj
 0001:00006dfa       ?initializePath@XMLUri@xercesc_3_1@@AAEXQBG@Z 12007dfa f   XMLUri.obj
 0001:0000728a       ?setScheme@XMLUri@xercesc_3_1@@QAEXQBG@Z 1200828a f   XMLUri.obj
 0001:00007310       ?setUserInfo@XMLUri@xercesc_3_1@@QAEXQBG@Z 12008310 f   XMLUri.obj
 0001:0000738f       ?setHost@XMLUri@xercesc_3_1@@QAEXQBG@Z 1200838f f   XMLUri.obj
 0001:00007446       ?setRegBasedAuthority@XMLUri@xercesc_3_1@@QAEXQBG@Z 12008446 f   XMLUri.obj
 0001:000074d7       ?isConformantSchemeName@XMLUri@xercesc_3_1@@CA_NQBG@Z 120084d7 f   XMLUri.obj
 0001:00007524       ?isConformantUserInfo@XMLUri@xercesc_3_1@@CAXQBGQAVMemoryManager@2@@Z 12008524 f   XMLUri.obj
 0001:0000761b       ?isValidServerBasedAuthority@XMLUri@xercesc_3_1@@CA_NQBGKH0K@Z 1200861b f   XMLUri.obj
 0001:000076b1       ?isValidServerBasedAuthority@XMLUri@xercesc_3_1@@CA_NQBGH0QAVMemoryManager@2@@Z 120086b1 f   XMLUri.obj
 0001:0000773e       ?isValidRegistryBasedAuthority@XMLUri@xercesc_3_1@@CA_NQBGK@Z 1200873e f   XMLUri.obj
 0001:000077cc       ?isValidRegistryBasedAuthority@XMLUri@xercesc_3_1@@CA_NQBG@Z 120087cc f   XMLUri.obj
 0001:00007833       ?isWellFormedAddress@XMLUri@xercesc_3_1@@CA_NQBGQAVMemoryManager@2@@Z 12008833 f   XMLUri.obj
 0001:00007989       ?isWellFormedIPv4Address@XMLUri@xercesc_3_1@@CA_NQBGK@Z 12008989 f   XMLUri.obj
 0001:00007a1f       ?isWellFormedIPv6Reference@XMLUri@xercesc_3_1@@CA_NQBGK@Z 12008a1f f   XMLUri.obj
 0001:00007add       ?scanHexSequence@XMLUri@xercesc_3_1@@CAHQBGKKAAH@Z 12008add f   XMLUri.obj
 0001:00007b6c       ?isValidURI@XMLUri@xercesc_3_1@@SA_N_NQBG0@Z 12008b6c f   XMLUri.obj
 0001:00007cde       ?isWellFormedAddress@XMLUri@xercesc_3_1@@CA_NQBGK@Z 12008cde f   XMLUri.obj
 0001:00007de9       ?processScheme@XMLUri@xercesc_3_1@@CA_NQBGAAK@Z 12008de9 f   XMLUri.obj
 0001:00007e19       ?isConformantSchemeName@XMLUri@xercesc_3_1@@CA_NQBGK@Z 12008e19 f   XMLUri.obj
 0001:00007e65       ?processAuthority@XMLUri@xercesc_3_1@@CA_NQBGK@Z 12008e65 f   XMLUri.obj
 0001:00007f98       ?processPath@XMLUri@xercesc_3_1@@CA_NQBGK_N1@Z 12008f98 f   XMLUri.obj
 0001:000080d1       ?createObject@XMLUri@xercesc_3_1@@SAPAVXSerializable@2@PAVMemoryManager@2@@Z 120090d1 f   XMLUri.obj
 0001:000080ee       ?getProtoType@XMLUri@xercesc_3_1@@UBEPAVXProtoType@2@XZ 120090ee f   XMLUri.obj
 0001:000080f4       ?serialize@XMLUri@xercesc_3_1@@UAEXAAVXSerializeEngine@2@@Z 120090f4 f   XMLUri.obj
 0001:000081b9       ??0XMLUri@xercesc_3_1@@QAE@QAVMemoryManager@1@@Z 120091b9 f   XMLUri.obj
 0001:000081e7       ?reset@?$JanitorMemFunCall@VXMLBigDecimal@xercesc_3_1@@@xercesc_3_1@@QAEXPAVXMLBigDecimal@2@@Z 120091e7 f i XMLBigDecimal.obj
 0001:000081e7       ?reset@?$JanitorMemFunCall@VXMLUri@xercesc_3_1@@@xercesc_3_1@@QAEXPAVXMLUri@2@@Z 120091e7 f i XMLUri.obj
 0001:000081e7       ?reset@?$JanitorMemFunCall@VSchemaGrammar@xercesc_3_1@@@xercesc_3_1@@QAEXPAVSchemaGrammar@2@@Z 120091e7 f i SchemaGrammar.obj
 0001:000081e7       ?reset@?$JanitorMemFunCall@VIdentityConstraint@xercesc_3_1@@@xercesc_3_1@@QAEXPAVIdentityConstraint@2@@Z 120091e7 f i IdentityConstraint.obj
 0001:000081e7       ?reset@?$JanitorMemFunCall@VRegularExpression@xercesc_3_1@@@xercesc_3_1@@QAEXPAVRegularExpression@2@@Z 120091e7 f i RegularExpression.obj
 0001:000081e7       ?reset@?$JanitorMemFunCall@VQName@xercesc_3_1@@@xercesc_3_1@@QAEXPAVQName@2@@Z 120091e7 f i QName.obj
 0001:000081e7       ?reset@?$JanitorMemFunCall@VUnionDatatypeValidator@xercesc_3_1@@@xercesc_3_1@@QAEXPAVUnionDatatypeValidator@2@@Z 120091e7 f i UnionDatatypeValidator.obj
 0001:00008204       ??0UTFDataFormatException@xercesc_3_1@@QAE@ABV01@@Z 12009204 f i XMLUTF8Transcoder.obj
 0001:0000821c       ??0UTFDataFormatException@xercesc_3_1@@QAE@QBD_KW4Codes@XMLExcepts@1@0000PAVMemoryManager@1@@Z 1200921c f i XMLUTF8Transcoder.obj
 0001:00008267       ??1UTFDataFormatException@xercesc_3_1@@UAE@XZ 12009267 f i XMLUTF8Transcoder.obj
 0001:00008272       ?duplicate@UTFDataFormatException@xercesc_3_1@@UBEPAVXMLException@2@XZ 12009272 f i XMLUTF8Transcoder.obj
 0001:000082ae       ?getType@UTFDataFormatException@xercesc_3_1@@UBEPBGXZ 120092ae f i XMLUTF8Transcoder.obj
 0001:000082b4       ??_GUTFDataFormatException@xercesc_3_1@@UAEPAXI@Z 120092b4 f i XMLUTF8Transcoder.obj
 0001:000082b4       ??_EUTFDataFormatException@xercesc_3_1@@UAEPAXI@Z 120092b4 f i XMLUTF8Transcoder.obj
 0001:000082d0       ?checkTrailingBytes@XMLUTF8Transcoder@xercesc_3_1@@ABEXEII@Z 120092d0 f i XMLUTF8Transcoder.obj
 0001:00008339       ??0XMLUTF8Transcoder@xercesc_3_1@@QAE@QBGKQAVMemoryManager@1@@Z 12009339 f   XMLUTF8Transcoder.obj
 0001:00008351       ??_EXMLUTF8Transcoder@xercesc_3_1@@UAEPAXI@Z 12009351 f i XMLUTF8Transcoder.obj
 0001:00008351       ??_GXMLUTF8Transcoder@xercesc_3_1@@UAEPAXI@Z 12009351 f i XMLUTF8Transcoder.obj
 0001:0000836d       ??1XMLUTF8Transcoder@xercesc_3_1@@UAE@XZ 1200936d f   XMLUTF8Transcoder.obj
 0001:00008378       ?transcodeFrom@XMLUTF8Transcoder@xercesc_3_1@@UAEKQBEKQAGKAAKQAE@Z 12009378 f   XMLUTF8Transcoder.obj
 0001:00008752       ?transcodeTo@XMLUTF8Transcoder@xercesc_3_1@@UAEKQBGKQAEKAAKW4UnRepOpts@XMLTranscoder@2@@Z 12009752 f   XMLUTF8Transcoder.obj
 0001:00008902       ?canTranscodeTo@XMLUTF8Transcoder@xercesc_3_1@@UAE_NI@Z 12009902 f   XMLUTF8Transcoder.obj
 0001:00008911       ??0XMLBuffer@xercesc_3_1@@QAE@KQAVMemoryManager@1@@Z 12009911 f i BinHTTPInputStreamCommon.obj
 0001:0000893c       ??1XMLBuffer@xercesc_3_1@@QAE@XZ 1200993c f i BinHTTPInputStreamCommon.obj
 0001:00008948       ?append@XMLBuffer@xercesc_3_1@@QAEXQBG@Z 12009948 f i BinHTTPInputStreamCommon.obj
 0001:0000898b       ??0BMPattern@xercesc_3_1@@QAE@QBGH_NQAVMemoryManager@1@@Z 1200998b f   BMPattern.obj
 0001:00008a0f       ?matches@BMPattern@xercesc_3_1@@QBEHQBGKK@Z 12009a0f f   BMPattern.obj
 0001:00008b05       ?initialize@BMPattern@xercesc_3_1@@AAEXXZ 12009b05 f   BMPattern.obj
 0001:00008bf2       ?cleanUp@BMPattern@xercesc_3_1@@AAEXXZ 12009bf2 f   BMPattern.obj
 0001:00008c18       ??1?$JanitorMemFunCall@VBMPattern@xercesc_3_1@@@xercesc_3_1@@QAE@XZ 12009c18 f i BMPattern.obj
 0001:00008c20       ?reset@?$JanitorMemFunCall@VBMPattern@xercesc_3_1@@@xercesc_3_1@@QAEXPAVBMPattern@2@@Z 12009c20 f i BMPattern.obj
 0001:00008c38       ?getChild@Token@xercesc_3_1@@UBEPAV12@K@Z 12009c38 f i CharToken.obj
 0001:00008c3d       ?getMax@Token@xercesc_3_1@@UBEHXZ 12009c3d f i CharToken.obj
 0001:00008c3d       ?getMin@Token@xercesc_3_1@@UBEHXZ 12009c3d f i CharToken.obj
 0001:00008c3d       ?getChar@Token@xercesc_3_1@@UBEHXZ 12009c3d f i ClosureToken.obj
 0001:00008c41       ?addChild@Token@xercesc_3_1@@UAEXQAV12@QAVTokenFactory@2@@Z 12009c41 f i CharToken.obj
 0001:00008c73       ?addRange@Token@xercesc_3_1@@UAEXHH@Z 12009c73 f i CharToken.obj
 0001:00008ca5       ?mergeRanges@Token@xercesc_3_1@@UAEXQBV12@@Z 12009ca5 f i CharToken.obj
 0001:00008cd7       ?sortRanges@Token@xercesc_3_1@@UAEXXZ 12009cd7 f i CharToken.obj
 0001:00008d09       ?compactRanges@Token@xercesc_3_1@@UAEXXZ 12009d09 f i CharToken.obj
 0001:00008d3b       ?subtractRanges@Token@xercesc_3_1@@UAEXQAVRangeToken@2@@Z 12009d3b f i CharToken.obj
 0001:00008d6d       ?intersectRanges@Token@xercesc_3_1@@UAEXQAVRangeToken@2@@Z 12009d6d f i CharToken.obj
 0001:00008d9f       ?getMin@ClosureToken@xercesc_3_1@@UBEHXZ 12009d9f f i ClosureToken.obj
 0001:00008d9f       ?getRootName@XMLDTDDescriptionImpl@xercesc_3_1@@UBEPBGXZ 12009d9f f i XMLDTDDescriptionImpl.obj
 0001:00008d9f       ?getReferenceNo@StringToken@xercesc_3_1@@UBEHXZ 12009d9f f i StringToken.obj
 0001:00008d9f       ?getChar@CharToken@xercesc_3_1@@UBEHXZ 12009d9f f i CharToken.obj
 0001:00008d9f       ?getNoParen@ParenToken@xercesc_3_1@@UBEHXZ 12009d9f f i ParenToken.obj
 0001:00008d9f       ?getTargetNamespace@XMLSchemaDescriptionImpl@xercesc_3_1@@UBEPBGXZ 12009d9f f i XMLSchemaDescriptionImpl.obj
 0001:00008da3       ??_GParenToken@xercesc_3_1@@UAEPAXI@Z 12009da3 f i ParenToken.obj
 0001:00008da3       ??_ECharToken@xercesc_3_1@@UAEPAXI@Z 12009da3 f i CharToken.obj
 0001:00008da3       ??_EParenToken@xercesc_3_1@@UAEPAXI@Z 12009da3 f i ParenToken.obj
 0001:00008da3       ??_EConcatToken@xercesc_3_1@@UAEPAXI@Z 12009da3 f i ConcatToken.obj
 0001:00008da3       ??_EClosureToken@xercesc_3_1@@UAEPAXI@Z 12009da3 f i ClosureToken.obj
 0001:00008da3       ??_GClosureToken@xercesc_3_1@@UAEPAXI@Z 12009da3 f i ClosureToken.obj
 0001:00008da3       ??_GConcatToken@xercesc_3_1@@UAEPAXI@Z 12009da3 f i ConcatToken.obj
 0001:00008da3       ??_GCharToken@xercesc_3_1@@UAEPAXI@Z 12009da3 f i CharToken.obj
 0001:00008dbf       ??1ParenToken@xercesc_3_1@@UAE@XZ 12009dbf f   ParenToken.obj
 0001:00008dbf       ??1ConcatToken@xercesc_3_1@@UAE@XZ 12009dbf f   ConcatToken.obj
 0001:00008dbf       ??1CharToken@xercesc_3_1@@UAE@XZ 12009dbf f   CharToken.obj
 0001:00008dbf       ??1ClosureToken@xercesc_3_1@@UAE@XZ 12009dbf f   ClosureToken.obj
 0001:00008dc6       ?getObjectType@DTDElementDecl@xercesc_3_1@@UBE?AW4objectType@XMLElementDecl@2@XZ 12009dc6 f i DTDElementDecl.obj
 0001:00008dc6       ?size@ParenToken@xercesc_3_1@@UBEKXZ 12009dc6 f i ParenToken.obj
 0001:00008dc6       ?getGrammarType@SchemaGrammar@xercesc_3_1@@UBE?AW4GrammarType@Grammar@2@XZ 12009dc6 f i SchemaGrammar.obj
 0001:00008dc6       ?size@ClosureToken@xercesc_3_1@@UBEKXZ 12009dc6 f i ClosureToken.obj
 0001:00008dc6       ?getGrammarType@XMLSchemaDescription@xercesc_3_1@@UBE?AW4GrammarType@Grammar@2@XZ 12009dc6 f i XMLSchemaDescription.obj
 0001:00008dca       ?getLocationHints@XMLSchemaDescriptionImpl@xercesc_3_1@@UBEPBV?$RefArrayVectorOf@G@2@XZ 12009dca f i XMLSchemaDescriptionImpl.obj
 0001:00008dca       ?getString@StringToken@xercesc_3_1@@UBEPBGXZ 12009dca f i StringToken.obj
 0001:00008dca       ?getId@XSObject@xercesc_3_1@@UBEKXZ 12009dca f i XSObject.obj
 0001:00008dca       ?getData@CharOp@xercesc_3_1@@UBEHXZ 12009dca f i Op.obj
 0001:00008dca       ?getMax@ClosureToken@xercesc_3_1@@UBEHXZ 12009dca f i ClosureToken.obj
 0001:00008dca       ?getLiteral@StringOp@xercesc_3_1@@UBEPBGXZ 12009dca f i Op.obj
 0001:00008dca       ?getToken@RangeOp@xercesc_3_1@@UBEPBVToken@2@XZ 12009dca f i Op.obj
 0001:00008dca       ?getChild@ChildOp@xercesc_3_1@@UBEPBVOp@2@XZ 12009dca f i Op.obj
 0001:00008dce       ?getChild@ClosureToken@xercesc_3_1@@UBEPAVToken@2@K@Z 12009dce f i ClosureToken.obj
 0001:00008dd4       ?setMax@ClosureToken@xercesc_3_1@@UAEXH@Z 12009dd4 f i ClosureToken.obj
 0001:00008dde       ?setMin@ClosureToken@xercesc_3_1@@UAEXH@Z 12009dde f i ClosureToken.obj
 0001:00008de8       ??0ClosureToken@xercesc_3_1@@QAE@W4tokType@Token@1@QAV31@QAVMemoryManager@1@@Z 12009de8 f   ClosureToken.obj
 0001:00008e0a       ?size@ConcatToken@xercesc_3_1@@UBEKXZ 12009e0a f i ConcatToken.obj
 0001:00008e0e       ?getChild@ConcatToken@xercesc_3_1@@UBEPAVToken@2@K@Z 12009e0e f i ConcatToken.obj
 0001:00008e20       ??0ConcatToken@xercesc_3_1@@QAE@QAVToken@1@0QAVMemoryManager@1@@Z 12009e20 f   ConcatToken.obj
 0001:00008e41       ?getNoGroups@Match@xercesc_3_1@@QBEHXZ 12009e41 f i Match.obj
 0001:00008e78       ?getStartPos@Match@xercesc_3_1@@QBEHH@Z 12009e78 f i Match.obj
 0001:00008ed9       ?getEndPos@Match@xercesc_3_1@@QBEHH@Z 12009ed9 f i Match.obj
 0001:00008f40       ?setStartPos@Match@xercesc_3_1@@QAEXHH@Z 12009f40 f i Match.obj
 0001:00008fac       ?setEndPos@Match@xercesc_3_1@@QAEXHH@Z 12009fac f i Match.obj
 0001:00009018       ??0Match@xercesc_3_1@@QAE@QAVMemoryManager@1@@Z 1200a018 f   Match.obj
 0001:00009036       ??_EMatch@xercesc_3_1@@UAEPAXI@Z 1200a036 f i Match.obj
 0001:00009036       ??_GMatch@xercesc_3_1@@UAEPAXI@Z 1200a036 f i Match.obj
 0001:00009052       ??0Match@xercesc_3_1@@QAE@ABV01@@Z 1200a052 f   Match.obj
 0001:00009072       ??4Match@xercesc_3_1@@QAEAAV01@ABV01@@Z 1200a072 f   Match.obj
 0001:00009082       ??1Match@xercesc_3_1@@UAE@XZ 1200a082 f   Match.obj
 0001:00009092       ?setNoGroups@Match@xercesc_3_1@@QAEXH@Z 1200a092 f   Match.obj
 0001:000090e7       ?initialize@Match@xercesc_3_1@@AAEXABV12@@Z 1200a0e7 f   Match.obj
 0001:0000913d       ?cleanUp@Match@xercesc_3_1@@AAEXXZ 1200a13d f   Match.obj
 0001:0000915c       ??1Op@xercesc_3_1@@UAE@XZ  1200a15c f i Op.obj
 0001:00009163       ??_EOp@xercesc_3_1@@UAEPAXI@Z 1200a163 f i Op.obj
 0001:00009163       ??_GOp@xercesc_3_1@@UAEPAXI@Z 1200a163 f i Op.obj
 0001:00009180       ??1UnionOp@xercesc_3_1@@UAE@XZ 1200a180 f i Op.obj
 0001:000091ba       ??_GUnionOp@xercesc_3_1@@UAEPAXI@Z 1200a1ba f i Op.obj
 0001:000091ba       ??_EUnionOp@xercesc_3_1@@UAEPAXI@Z 1200a1ba f i Op.obj
 0001:000091d7       ??_ERangeOp@xercesc_3_1@@UAEPAXI@Z 1200a1d7 f i Op.obj
 0001:000091d7       ??_EModifierOp@xercesc_3_1@@UAEPAXI@Z 1200a1d7 f i Op.obj
 0001:000091d7       ??_GModifierOp@xercesc_3_1@@UAEPAXI@Z 1200a1d7 f i Op.obj
 0001:000091d7       ??_GChildOp@xercesc_3_1@@UAEPAXI@Z 1200a1d7 f i Op.obj
 0001:000091d7       ??_GRangeOp@xercesc_3_1@@UAEPAXI@Z 1200a1d7 f i Op.obj
 0001:000091d7       ??_EChildOp@xercesc_3_1@@UAEPAXI@Z 1200a1d7 f i Op.obj
 0001:000091d7       ??_GCharOp@xercesc_3_1@@UAEPAXI@Z 1200a1d7 f i Op.obj
 0001:000091d7       ??_ECharOp@xercesc_3_1@@UAEPAXI@Z 1200a1d7 f i Op.obj
 0001:000091f5       ??1ModifierOp@xercesc_3_1@@UAE@XZ 1200a1f5 f i Op.obj
 0001:000091f5       ??1ChildOp@xercesc_3_1@@UAE@XZ 1200a1f5 f i Op.obj
 0001:000091f5       ??1RangeOp@xercesc_3_1@@UAE@XZ 1200a1f5 f i Op.obj
 0001:000091f5       ??1CharOp@xercesc_3_1@@UAE@XZ 1200a1f5 f i Op.obj
 0001:000091fc       ??1StringOp@xercesc_3_1@@UAE@XZ 1200a1fc f i Op.obj
 0001:00009234       ??_GStringOp@xercesc_3_1@@UAEPAXI@Z 1200a234 f i Op.obj
 0001:00009234       ??_EStringOp@xercesc_3_1@@UAEPAXI@Z 1200a234 f i Op.obj
 0001:00009251       ?getSize@Op@xercesc_3_1@@UBEKXZ 1200a251 f   Op.obj
 0001:00009280       ?getData@Op@xercesc_3_1@@UBEHXZ 1200a280 f   Op.obj
 0001:000092af       ?getData2@Op@xercesc_3_1@@UBEHXZ 1200a2af f   Op.obj
 0001:000092de       ?elementAt@Op@xercesc_3_1@@UBEPBV12@K@Z 1200a2de f   Op.obj
 0001:0000930d       ?getChild@Op@xercesc_3_1@@UBEPBV12@XZ 1200a30d f   Op.obj
 0001:0000933c       ?getLiteral@Op@xercesc_3_1@@UBEPBGXZ 1200a33c f   Op.obj
 0001:0000936b       ?getToken@Op@xercesc_3_1@@UBEPBVToken@2@XZ 1200a36b f   Op.obj
 0001:0000939a       ??0UnionOp@xercesc_3_1@@QAE@W4opType@Op@1@KQAVMemoryManager@1@@Z 1200a39a f   Op.obj
 0001:00009406       ?getSize@UnionOp@xercesc_3_1@@UBEKXZ 1200a406 f   Op.obj
 0001:0000940d       ?elementAt@UnionOp@xercesc_3_1@@UBEPBVOp@2@K@Z 1200a40d f   Op.obj
 0001:0000941e       ??0ChildOp@xercesc_3_1@@QAE@W4opType@Op@1@QAVMemoryManager@1@@Z 1200a41e f   Op.obj
 0001:00009439       ??0ModifierOp@xercesc_3_1@@QAE@W4opType@Op@1@HHQAVMemoryManager@1@@Z 1200a439 f   Op.obj
 0001:00009459       ??0StringOp@xercesc_3_1@@QAE@W4opType@Op@1@QBGQAVMemoryManager@1@@Z 1200a459 f   Op.obj
 0001:0000949f       ??1?$BaseRefVectorOf@VOp@xercesc_3_1@@@xercesc_3_1@@UAE@XZ 1200a49f f i Op.obj
 0001:000094a6       ?removeAllElements@?$BaseRefVectorOf@VXercesStep@xercesc_3_1@@@xercesc_3_1@@UAEXXZ 1200a4a6 f i XTemplateSerializer.obj
 0001:000094a6       ?removeAllElements@?$BaseRefVectorOf@VIdentityConstraint@xercesc_3_1@@@xercesc_3_1@@UAEXXZ 1200a4a6 f i XTemplateSerializer.obj
 0001:000094a6       ?removeAllElements@?$BaseRefVectorOf@VXercesLocationPath@xercesc_3_1@@@xercesc_3_1@@UAEXXZ 1200a4a6 f i XTemplateSerializer.obj
 0001:000094a6       ?removeAllElements@?$BaseRefVectorOf@VDatatypeValidator@xercesc_3_1@@@xercesc_3_1@@UAEXXZ 1200a4a6 f i XTemplateSerializer.obj
 0001:000094a6       ?removeAllElements@?$BaseRefVectorOf@VToken@xercesc_3_1@@@xercesc_3_1@@UAEXXZ 1200a4a6 f i TokenFactory.obj
 0001:000094a6       ?removeAllElements@?$BaseRefVectorOf@VSchemaAttDef@xercesc_3_1@@@xercesc_3_1@@UAEXXZ 1200a4a6 f i XTemplateSerializer.obj
 0001:000094a6       ?removeAllElements@?$BaseRefVectorOf@VIC_Field@xercesc_3_1@@@xercesc_3_1@@UAEXXZ 1200a4a6 f i XTemplateSerializer.obj
 0001:000094a6       ?removeAllElements@?$BaseRefVectorOf@VSchemaElementDecl@xercesc_3_1@@@xercesc_3_1@@UAEXXZ 1200a4a6 f i XTemplateSerializer.obj
 0001:000094a6       ?removeAllElements@?$BaseRefVectorOf@VXMLNumber@xercesc_3_1@@@xercesc_3_1@@UAEXXZ 1200a4a6 f i XTemplateSerializer.obj
 0001:000094a6       ?removeAllElements@?$BaseRefVectorOf@VOp@xercesc_3_1@@@xercesc_3_1@@UAEXXZ 1200a4a6 f i Op.obj
 0001:000094db       ??1?$RefVectorOf@VOp@xercesc_3_1@@@xercesc_3_1@@UAE@XZ 1200a4db f i Op.obj
 0001:00009538       ??_G?$BaseRefVectorOf@VOp@xercesc_3_1@@@xercesc_3_1@@UAEPAXI@Z 1200a538 f i Op.obj
 0001:00009538       ??_E?$BaseRefVectorOf@VOp@xercesc_3_1@@@xercesc_3_1@@UAEPAXI@Z 1200a538 f i Op.obj
 0001:00009555       ??_E?$RefVectorOf@VOp@xercesc_3_1@@@xercesc_3_1@@UAEPAXI@Z 1200a555 f i Op.obj
 0001:00009555       ??_G?$RefVectorOf@VOp@xercesc_3_1@@@xercesc_3_1@@UAEPAXI@Z 1200a555 f i Op.obj
 0001:00009572       ??0?$BaseRefVectorOf@VOp@xercesc_3_1@@@xercesc_3_1@@QAE@K_NQAVMemoryManager@1@@Z 1200a572 f i Op.obj
 0001:000095ac       ??0OpFactory@xercesc_3_1@@QAE@QAVMemoryManager@1@@Z 1200a5ac f   OpFactory.obj
 0001:000095ff       ?createDotOp@OpFactory@xercesc_3_1@@QAEPAVOp@2@XZ 1200a5ff f   OpFactory.obj
 0001:00009631       ?createCharOp@OpFactory@xercesc_3_1@@QAEPAVCharOp@2@H@Z 1200a631 f   OpFactory.obj
 0001:00009670       ?createAnchorOp@OpFactory@xercesc_3_1@@QAEPAVCharOp@2@H@Z 1200a670 f   OpFactory.obj
 0001:000096af       ?createCaptureOp@OpFactory@xercesc_3_1@@QAEPAVCharOp@2@HQBVOp@2@@Z 1200a6af f   OpFactory.obj
 0001:000096f5       ?createUnionOp@OpFactory@xercesc_3_1@@QAEPAVUnionOp@2@K@Z 1200a6f5 f   OpFactory.obj
 0001:00009745       ?createClosureOp@OpFactory@xercesc_3_1@@QAEPAVChildOp@2@H@Z 1200a745 f   OpFactory.obj
 0001:00009779       ?createNonGreedyClosureOp@OpFactory@xercesc_3_1@@QAEPAVChildOp@2@XZ 1200a779 f   OpFactory.obj
 0001:000097b2       ?createQuestionOp@OpFactory@xercesc_3_1@@QAEPAVChildOp@2@_N@Z 1200a7b2 f   OpFactory.obj
 0001:000097eb       ?createRangeOp@OpFactory@xercesc_3_1@@QAEPAVRangeOp@2@QBVToken@2@@Z 1200a7eb f   OpFactory.obj
 0001:0000982a       ?createBackReferenceOp@OpFactory@xercesc_3_1@@QAEPAVCharOp@2@H@Z 1200a82a f   OpFactory.obj
 0001:00009869       ?createStringOp@OpFactory@xercesc_3_1@@QAEPAVStringOp@2@QBG@Z 1200a869 f   OpFactory.obj
 0001:000098b9       ?getChild@ParenToken@xercesc_3_1@@UBEPAVToken@2@K@Z 1200a8b9 f i ParenToken.obj
 0001:000098bf       ??0ParenToken@xercesc_3_1@@QAE@W4tokType@Token@1@QAV31@HQAVMemoryManager@1@@Z 1200a8bf f   ParenToken.obj
 0001:000098e0       ??0ParseException@xercesc_3_1@@QAE@QBD_KW4Codes@XMLExcepts@1@PAVMemoryManager@1@@Z 1200a8e0 f i ParserForXMLSchema.obj
 0001:0000991f       ??0ParseException@xercesc_3_1@@QAE@ABV01@@Z 1200a91f f i ParserForXMLSchema.obj
 0001:00009937       ??0ParseException@xercesc_3_1@@QAE@QBD_KW4Codes@XMLExcepts@1@QBG333PAVMemoryManager@1@@Z 1200a937 f i ParserForXMLSchema.obj
 0001:00009982       ??1ParseException@xercesc_3_1@@UAE@XZ 1200a982 f i ParserForXMLSchema.obj
 0001:0000998d       ?duplicate@ParseException@xercesc_3_1@@UBEPAVXMLException@2@XZ 1200a98d f i ParserForXMLSchema.obj
 0001:000099c9       ?getType@ParseException@xercesc_3_1@@UBEPBGXZ 1200a9c9 f i ParserForXMLSchema.obj
 0001:000099cf       ??_EParseException@xercesc_3_1@@UAEPAXI@Z 1200a9cf f i ParserForXMLSchema.obj
 0001:000099cf       ??_GParseException@xercesc_3_1@@UAEPAXI@Z 1200a9cf f i ParserForXMLSchema.obj
 0001:000099eb       ??_GParserForXMLSchema@xercesc_3_1@@UAEPAXI@Z 1200a9eb f i ParserForXMLSchema.obj
 0001:000099eb       ??_EParserForXMLSchema@xercesc_3_1@@UAEPAXI@Z 1200a9eb f i ParserForXMLSchema.obj
 0001:00009a07       ??1ParserForXMLSchema@xercesc_3_1@@UAE@XZ 1200aa07 f   ParserForXMLSchema.obj
 0001:00009a12       ?processCaret@ParserForXMLSchema@xercesc_3_1@@MAEPAVToken@2@XZ 1200aa12 f   ParserForXMLSchema.obj
 0001:00009a31       ?processDollar@ParserForXMLSchema@xercesc_3_1@@MAEPAVToken@2@XZ 1200aa31 f   ParserForXMLSchema.obj
 0001:00009a50       ?processPlus@ParserForXMLSchema@xercesc_3_1@@MAEPAVToken@2@QAV32@@Z 1200aa50 f   ParserForXMLSchema.obj
 0001:00009a78       ?processStar@ParserForXMLSchema@xercesc_3_1@@MAEPAVToken@2@QAV32@@Z 1200aa78 f   ParserForXMLSchema.obj
 0001:00009a98       ?processQuestion@ParserForXMLSchema@xercesc_3_1@@MAEPAVToken@2@QAV32@@Z 1200aa98 f   ParserForXMLSchema.obj
 0001:00009ad7       ?processParen@ParserForXMLSchema@xercesc_3_1@@MAEPAVToken@2@XZ 1200aad7 f   ParserForXMLSchema.obj
 0001:00009b34       ?processBackReference@ParserForXMLSchema@xercesc_3_1@@MAEPAVToken@2@XZ 1200ab34 f   ParserForXMLSchema.obj
 0001:00009b63       ?checkQuestion@ParserForXMLSchema@xercesc_3_1@@MAE_NK@Z 1200ab63 f   ParserForXMLSchema.obj
 0001:00009b68       ?decodeEscaped@ParserForXMLSchema@xercesc_3_1@@MAEHXZ 1200ab68 f   ParserForXMLSchema.obj
 0001:00009c30       ??0RangeToken@xercesc_3_1@@QAE@W4tokType@Token@1@QAVMemoryManager@1@@Z 1200ac30 f   RangeToken.obj
 0001:00009c5e       ??_GRangeToken@xercesc_3_1@@UAEPAXI@Z 1200ac5e f i RangeToken.obj
 0001:00009c5e       ??_ERangeToken@xercesc_3_1@@UAEPAXI@Z 1200ac5e f i RangeToken.obj
 0001:00009c7b       ??1RangeToken@xercesc_3_1@@UAE@XZ 1200ac7b f   RangeToken.obj
 0001:00009cce       ?getCaseInsensitiveToken@RangeToken@xercesc_3_1@@QAEPAV12@QAVTokenFactory@2@@Z 1200acce f   RangeToken.obj
 0001:00009db3       ?addRange@RangeToken@xercesc_3_1@@UAEXHH@Z 1200adb3 f   RangeToken.obj
 0001:00009f01       ?sortRanges@RangeToken@xercesc_3_1@@UAEXXZ 1200af01 f   RangeToken.obj
 0001:00009f87       ?compactRanges@RangeToken@xercesc_3_1@@UAEXXZ 1200af87 f   RangeToken.obj
 0001:0000a01c       ?mergeRanges@RangeToken@xercesc_3_1@@UAEXQBVToken@2@@Z 1200b01c f   RangeToken.obj
 0001:0000a1d9       ?subtractRanges@RangeToken@xercesc_3_1@@UAEXQAV12@@Z 1200b1d9 f   RangeToken.obj
 0001:0000a358       ?intersectRanges@RangeToken@xercesc_3_1@@UAEXQAV12@@Z 1200b358 f   RangeToken.obj
 0001:0000a494       ?complementRanges@RangeToken@xercesc_3_1@@SAPAV12@QAV12@QAVTokenFactory@2@QAVMemoryManager@2@@Z 1200b494 f   RangeToken.obj
 0001:0000a559       ?match@RangeToken@xercesc_3_1@@QAE_NH@Z 1200b559 f   RangeToken.obj
 0001:0000a625       ?expand@RangeToken@xercesc_3_1@@AAEXI@Z 1200b625 f   RangeToken.obj
 0001:0000a68c       ?doCreateMap@RangeToken@xercesc_3_1@@AAEXXZ 1200b68c f   RangeToken.obj
 0001:0000a71b       ?getRange@RangeTokenMap@xercesc_3_1@@IAEPAVRangeToken@2@QBG_N@Z 1200b71b f   RangeTokenMap.obj
 0001:0000a7f6       ?get@?$RefHashTableOf@VGrammar@xercesc_3_1@@UStringHasher@2@@xercesc_3_1@@QAEPAVGrammar@2@QBX@Z 1200b7f6 f i XMLGrammarPoolImpl.obj
 0001:0000a7f6       ?get@?$RefHashTableOf@VDTDAttDef@xercesc_3_1@@UStringHasher@2@@xercesc_3_1@@QAEPAVDTDAttDef@2@QBX@Z 1200b7f6 f i XTemplateSerializer.obj
 0001:0000a7f6       ?get@?$RefHashTableOf@VXercesAttGroupInfo@xercesc_3_1@@UStringHasher@2@@xercesc_3_1@@QAEPAVXercesAttGroupInfo@2@QBX@Z 1200b7f6 f i XTemplateSerializer.obj
 0001:0000a7f6       ?get@?$RefHashTableOf@VComplexTypeInfo@xercesc_3_1@@UStringHasher@2@@xercesc_3_1@@QAEPAVComplexTypeInfo@2@QBX@Z 1200b7f6 f i XTemplateSerializer.obj
 0001:0000a7f6       ?get@?$RefHashTableOf@VKVStringPair@xercesc_3_1@@UStringHasher@2@@xercesc_3_1@@QAEPAVKVStringPair@2@QBX@Z 1200b7f6 f i XTemplateSerializer.obj
 0001:0000a7f6       ?get@?$RefHashTableOf@VDTDElementDecl@xercesc_3_1@@UStringHasher@2@@xercesc_3_1@@QAEPAVDTDElementDecl@2@QBX@Z 1200b7f6 f i DGXMLScanner.obj
 0001:0000a7f6       ?get@?$RefHashTableOf@VXMLAttDef@xercesc_3_1@@UStringHasher@2@@xercesc_3_1@@QAEPAVXMLAttDef@2@QBX@Z 1200b7f6 f i IGXMLScanner2.obj
 0001:0000a7f6       ?get@?$RefHashTableOf@VXMLNotationDecl@xercesc_3_1@@UStringHasher@2@@xercesc_3_1@@QAEPAVXMLNotationDecl@2@QBX@Z 1200b7f6 f i DTDGrammar.obj
 0001:0000a7f6       ?get@?$RefHashTableOf@VXercesGroupInfo@xercesc_3_1@@UStringHasher@2@@xercesc_3_1@@QAEPAVXercesGroupInfo@2@QBX@Z 1200b7f6 f i XTemplateSerializer.obj
 0001:0000a7f6       ?get@?$RefHashTableOf@VRangeFactory@xercesc_3_1@@UStringHasher@2@@xercesc_3_1@@QAEPAVRangeFactory@2@QBX@Z 1200b7f6 f i RangeTokenMap.obj
 0001:0000a7f6       ?get@?$RefHashTableOf@VRangeTokenElemMap@xercesc_3_1@@UStringHasher@2@@xercesc_3_1@@QAEPAVRangeTokenElemMap@2@QBX@Z 1200b7f6 f i RangeTokenMap.obj
 0001:0000a7f6       ?get@?$RefHashTableOf@VDatatypeValidator@xercesc_3_1@@UStringHasher@2@@xercesc_3_1@@QAEPAVDatatypeValidator@2@QBX@Z 1200b7f6 f i XSModel.obj
 0001:0000a7f6       ?get@?$RefHashTableOf@UPoolElem@XMLStringPool@xercesc_3_1@@UStringHasher@3@@xercesc_3_1@@QAEPAUPoolElem@XMLStringPool@2@QBX@Z 1200b7f6 f i StringPool.obj
 0001:0000a816       ?isEOLChar@RegxUtil@xercesc_3_1@@SA_NG@Z 1200b816 f i RegularExpression.obj
 0001:0000a835       ?cleanUp@RegularExpression@xercesc_3_1@@IAEXXZ 1200b835 f i RegularExpression.obj
 0001:0000a873       ??_GBMPattern@xercesc_3_1@@QAEPAXI@Z 1200b873 f i RegularExpression.obj
 0001:0000a893       ?compileUnion@RegularExpression@xercesc_3_1@@IAEPAVOp@2@QBVToken@2@QAV32@_N@Z 1200b893 f i RegularExpression.obj
 0001:0000a8e6       ?compileParenthesis@RegularExpression@xercesc_3_1@@IAEPAVOp@2@QBVToken@2@QAV32@_N@Z 1200b8e6 f i RegularExpression.obj
 0001:0000a973       ?compileConcat@RegularExpression@xercesc_3_1@@IAEPAVOp@2@QBVToken@2@QAV32@_N@Z 1200b973 f i RegularExpression.obj
 0001:0000a9db       ?compileClosure@RegularExpression@xercesc_3_1@@IAEPAVOp@2@QBVToken@2@QAV32@_NW4tokType@42@@Z 1200b9db f i RegularExpression.obj
 0001:0000ab17       ??0EmptyStackException@xercesc_3_1@@QAE@QBD_KW4Codes@XMLExcepts@1@PAVMemoryManager@1@@Z 1200bb17 f i RegularExpression.obj
 0001:0000ab56       ??0EmptyStackException@xercesc_3_1@@QAE@ABV01@@Z 1200bb56 f i RegularExpression.obj
 0001:0000ab6e       ??1EmptyStackException@xercesc_3_1@@UAE@XZ 1200bb6e f i RegularExpression.obj
 0001:0000ab79       ?duplicate@EmptyStackException@xercesc_3_1@@UBEPAVXMLException@2@XZ 1200bb79 f i RegularExpression.obj
 0001:0000abb5       ?getType@EmptyStackException@xercesc_3_1@@UBEPBGXZ 1200bbb5 f i RegularExpression.obj
 0001:0000abbb       ??_EEmptyStackException@xercesc_3_1@@UAEPAXI@Z 1200bbbb f i RegularExpression.obj
 0001:0000abbb       ??_GEmptyStackException@xercesc_3_1@@UAEPAXI@Z 1200bbbb f i RegularExpression.obj
 0001:0000abd7       ?matchIgnoreCase@RegularExpression@xercesc_3_1@@IBE_NHH@Z 1200bbd7 f   RegularExpression.obj
 0001:0000ac9f       ??0Context@RegularExpression@xercesc_3_1@@QAE@QAVMemoryManager@2@@Z 1200bc9f f   RegularExpression.obj
 0001:0000acc8       ??0Context@RegularExpression@xercesc_3_1@@QAE@PAV012@@Z 1200bcc8 f   RegularExpression.obj
 0001:0000ad80       ??4Context@RegularExpression@xercesc_3_1@@QAEAAV012@ABV012@@Z 1200bd80 f   RegularExpression.obj
 0001:0000aec5       ??1Context@RegularExpression@xercesc_3_1@@QAE@XZ 1200bec5 f   RegularExpression.obj
 0001:0000aee8       ?reset@Context@RegularExpression@xercesc_3_1@@QAEXQBGKKKHI@Z 1200bee8 f   RegularExpression.obj
 0001:0000af5d       ?nextCh@Context@RegularExpression@xercesc_3_1@@QAE_NAAHAAK@Z 1200bf5d f   RegularExpression.obj
 0001:0000afbd       ??_ERegularExpression@xercesc_3_1@@UAEPAXI@Z 1200bfbd f i RegularExpression.obj
 0001:0000afbd       ??_GRegularExpression@xercesc_3_1@@UAEPAXI@Z 1200bfbd f i RegularExpression.obj
 0001:0000afd9       ??0RegularExpression@xercesc_3_1@@QAE@QBG0QAVMemoryManager@1@@Z 1200bfd9 f   RegularExpression.obj
 0001:0000b086       ??1RegularExpression@xercesc_3_1@@UAE@XZ 1200c086 f   RegularExpression.obj
 0001:0000b0bf       ?getRegexParser@RegularExpression@xercesc_3_1@@MAEPAVRegxParser@2@HQAVMemoryManager@2@@Z 1200c0bf f   RegularExpression.obj
 0001:0000b0f9       ?setPattern@RegularExpression@xercesc_3_1@@IAEXQBG0@Z 1200c0f9 f   RegularExpression.obj
 0001:0000b1b7       ?matches@RegularExpression@xercesc_3_1@@QBE_NQBGQAVMemoryManager@2@@Z 1200c1b7 f   RegularExpression.obj
 0001:0000b1d9       ?matches@RegularExpression@xercesc_3_1@@QBE_NQBGKKQAVMatch@2@QAVMemoryManager@2@@Z 1200c1d9 f   RegularExpression.obj
 0001:0000b4b5       ?getOptionValue@RegularExpression@xercesc_3_1@@SAHG@Z 1200c4b5 f   RegularExpression.obj
 0001:0000b4fe       ?match@RegularExpression@xercesc_3_1@@IBEHQAVContext@12@QBVOp@2@K@Z 1200c4fe f   RegularExpression.obj
 0001:0000b892       ?matchChar@RegularExpression@xercesc_3_1@@IBE_NQAVContext@12@HAAK_N@Z 1200c892 f   RegularExpression.obj
 0001:0000b8d9       ?matchDot@RegularExpression@xercesc_3_1@@IBE_NQAVContext@12@AAK@Z 1200c8d9 f   RegularExpression.obj
 0001:0000b916       ?matchRange@RegularExpression@xercesc_3_1@@IBE_NQAVContext@12@QBVOp@2@AAK_N@Z 1200c916 f   RegularExpression.obj
 0001:0000b96f       ?matchAnchor@RegularExpression@xercesc_3_1@@IBE_NQAVContext@12@HK@Z 1200c96f f   RegularExpression.obj
 0001:0000b9fe       ?matchBackReference@RegularExpression@xercesc_3_1@@IBE_NQAVContext@12@HAAK_N@Z 1200c9fe f   RegularExpression.obj
 0001:0000bab7       ?matchString@RegularExpression@xercesc_3_1@@IBE_NQAVContext@12@QBGAAK_N@Z 1200cab7 f   RegularExpression.obj
 0001:0000bb07       ?matchCapture@RegularExpression@xercesc_3_1@@IBEHQAVContext@12@QBVOp@2@K@Z 1200cb07 f   RegularExpression.obj
 0001:0000bb9c       ?matchUnion@RegularExpression@xercesc_3_1@@IBEHQAVContext@12@QBVOp@2@K@Z 1200cb9c f   RegularExpression.obj
 0001:0000bc81       ?parseOptions@RegularExpression@xercesc_3_1@@IAEHQBG@Z 1200cc81 f   RegularExpression.obj
 0001:0000bcf5       ?compile@RegularExpression@xercesc_3_1@@IAEXQBVToken@2@@Z 1200ccf5 f   RegularExpression.obj
 0001:0000bd12       ?compile@RegularExpression@xercesc_3_1@@IAEPAVOp@2@QBVToken@2@QAV32@_N@Z 1200cd12 f   RegularExpression.obj
 0001:0000be36       ?prepare@RegularExpression@xercesc_3_1@@IAEXXZ 1200ce36 f   RegularExpression.obj
 0001:0000c060       ?doTokenOverlap@RegularExpression@xercesc_3_1@@IAE_NPBVOp@2@PAVToken@2@@Z 1200d060 f   RegularExpression.obj
 0001:0000c166       ??1?$Janitor@V?$BaseRefVectorOf@G@xercesc_3_1@@@xercesc_3_1@@QAE@XZ 1200d166 f i SGXMLScanner.obj
 0001:0000c166       ??1?$Janitor@VContentSpecNode@xercesc_3_1@@@xercesc_3_1@@QAE@XZ 1200d166 f i ComplexTypeInfo.obj
 0001:0000c166       ??1?$Janitor@VRegxParser@xercesc_3_1@@@xercesc_3_1@@QAE@XZ 1200d166 f i RegularExpression.obj
 0001:0000c166       ??1?$Janitor@VXMLGrammarDescription@xercesc_3_1@@@xercesc_3_1@@QAE@XZ 1200d166 f i GrammarResolver.obj
 0001:0000c166       ??1?$Janitor@VXMLDateTime@xercesc_3_1@@@xercesc_3_1@@QAE@XZ 1200d166 f i DateDatatypeValidator.obj
 0001:0000c16e       ??1?$Janitor@V?$ValueStackOf@URE_RuntimeContext@xercesc_3_1@@@xercesc_3_1@@@xercesc_3_1@@QAE@XZ 1200d16e f i RegularExpression.obj
 0001:0000c176       ?reset@?$Janitor@V?$ValueStackOf@URE_RuntimeContext@xercesc_3_1@@@xercesc_3_1@@@xercesc_3_1@@QAEXPAV?$ValueStackOf@URE_RuntimeContext@xercesc_3_1@@@2@@Z 1200d176 f i RegularExpression.obj
 0001:0000c18d       ?pop@?$ValueStackOf@URE_RuntimeContext@xercesc_3_1@@@xercesc_3_1@@QAE?AURE_RuntimeContext@2@XZ 1200d18d f i RegularExpression.obj
 0001:0000c1e9       ??_G?$ValueStackOf@URE_RuntimeContext@xercesc_3_1@@@xercesc_3_1@@QAEPAXI@Z 1200d1e9 f i RegularExpression.obj
 0001:0000c209       ??0?$ValueVectorOf@URE_RuntimeContext@xercesc_3_1@@@xercesc_3_1@@QAE@KQAVMemoryManager@1@_N@Z 1200d209 f i RegularExpression.obj
 0001:0000c23a       ?addElement@?$ValueVectorOf@URE_RuntimeContext@xercesc_3_1@@@xercesc_3_1@@QAEXABURE_RuntimeContext@2@@Z 1200d23a f i RegularExpression.obj
 0001:0000c25c       ?removeElementAt@?$ValueVectorOf@URE_RuntimeContext@xercesc_3_1@@@xercesc_3_1@@QAEXK@Z 1200d25c f i RegularExpression.obj
 0001:0000c2b7       ?elementAt@?$ValueVectorOf@URE_RuntimeContext@xercesc_3_1@@@xercesc_3_1@@QAEAAURE_RuntimeContext@2@K@Z 1200d2b7 f i RegularExpression.obj
 0001:0000c2f2       ?ensureExtraCapacity@?$ValueVectorOf@URE_RuntimeContext@xercesc_3_1@@@xercesc_3_1@@QAEXK@Z 1200d2f2 f i RegularExpression.obj
 0001:0000c375       ??0RegxParser@xercesc_3_1@@QAE@QAVMemoryManager@1@@Z 1200d375 f   RegxParser.obj
 0001:0000c3a5       ??_GRegxParser@xercesc_3_1@@UAEPAXI@Z 1200d3a5 f i RegxParser.obj
 0001:0000c3a5       ??_ERegxParser@xercesc_3_1@@UAEPAXI@Z 1200d3a5 f i RegxParser.obj
 0001:0000c3c1       ??1RegxParser@xercesc_3_1@@UAE@XZ 1200d3c1 f   RegxParser.obj
 0001:0000c3e4       ?parse@RegxParser@xercesc_3_1@@QAEPAVToken@2@QBGH@Z 1200d3e4 f   RegxParser.obj
 0001:0000c527       ?processNext@RegxParser@xercesc_3_1@@IAEXXZ 1200d527 f   RegxParser.obj
 0001:0000c6f0       ?parseRegx@RegxParser@xercesc_3_1@@IAEPAVToken@2@_N@Z 1200d6f0 f   RegxParser.obj
 0001:0000c759       ?parseTerm@RegxParser@xercesc_3_1@@AAEPAVToken@2@_N@Z 1200d759 f   RegxParser.obj
 0001:0000c7e4       ?processCaret@RegxParser@xercesc_3_1@@MAEPAVToken@2@XZ 1200d7e4 f   RegxParser.obj
 0001:0000c7f7       ?processDollar@RegxParser@xercesc_3_1@@MAEPAVToken@2@XZ 1200d7f7 f   RegxParser.obj
 0001:0000c80a       ?processStar@RegxParser@xercesc_3_1@@MAEPAVToken@2@QAV32@@Z 1200d80a f   RegxParser.obj
 0001:0000c839       ?processPlus@RegxParser@xercesc_3_1@@MAEPAVToken@2@QAV32@@Z 1200d839 f   RegxParser.obj
 0001:0000c875       ?processQuestion@RegxParser@xercesc_3_1@@MAEPAVToken@2@QAV32@@Z 1200d875 f   RegxParser.obj
 0001:0000c8ff       ?processParen@RegxParser@xercesc_3_1@@MAEPAVToken@2@XZ 1200d8ff f   RegxParser.obj
 0001:0000c967       ?processBackReference@RegxParser@xercesc_3_1@@MAEPAVToken@2@XZ 1200d967 f   RegxParser.obj
 0001:0000ca44       ?parseFactor@RegxParser@xercesc_3_1@@AAEPAVToken@2@XZ 1200da44 f   RegxParser.obj
 0001:0000ccd3       ?parseAtom@RegxParser@xercesc_3_1@@AAEPAVToken@2@XZ 1200dcd3 f   RegxParser.obj
 0001:0000cec6       ?processBacksolidus_pP@RegxParser@xercesc_3_1@@IAEPAVRangeToken@2@H@Z 1200dec6 f   RegxParser.obj
 0001:0000cfbe       ?parseCharacterClass@RegxParser@xercesc_3_1@@IAEPAVRangeToken@2@_N@Z 1200dfbe f   RegxParser.obj
 0001:0000d354       ?getTokenForShorthand@RegxParser@xercesc_3_1@@IAEPAVRangeToken@2@H@Z 1200e354 f   RegxParser.obj
 0001:0000d3d0       ?decodeEscaped@RegxParser@xercesc_3_1@@MAEHXZ 1200e3d0 f   RegxParser.obj
 0001:0000d4a1       ?checkQuestion@RegxParser@xercesc_3_1@@MAE_NK@Z 1200e4a1 f   RegxParser.obj
 0001:0000d4be       ??1?$BaseRefVectorOf@VReferencePosition@RegxParser@xercesc_3_1@@@xercesc_3_1@@UAE@XZ 1200e4be f i RegxParser.obj
 0001:0000d4c5       ?setElementAt@?$BaseRefVectorOf@VReferencePosition@RegxParser@xercesc_3_1@@@xercesc_3_1@@UAEXQAVReferencePosition@RegxParser@2@K@Z 1200e4c5 f i RegxParser.obj
 0001:0000d51c       ?removeAllElements@?$BaseRefVectorOf@VReferencePosition@RegxParser@xercesc_3_1@@@xercesc_3_1@@UAEXXZ 1200e51c f i RegxParser.obj
 0001:0000d54c       ?removeElementAt@?$BaseRefVectorOf@VReferencePosition@RegxParser@xercesc_3_1@@@xercesc_3_1@@UAEXK@Z 1200e54c f i RegxParser.obj
 0001:0000d5d6       ?removeLastElement@?$BaseRefVectorOf@VReferencePosition@RegxParser@xercesc_3_1@@@xercesc_3_1@@UAEXXZ 1200e5d6 f i RegxParser.obj
 0001:0000d5f3       ?cleanup@?$BaseRefVectorOf@VReferencePosition@RegxParser@xercesc_3_1@@@xercesc_3_1@@UAEXXZ 1200e5f3 f i RegxParser.obj
 0001:0000d623       ??1?$RefVectorOf@VReferencePosition@RegxParser@xercesc_3_1@@@xercesc_3_1@@UAE@XZ 1200e623 f i RegxParser.obj
 0001:0000d67b       ??_E?$BaseRefVectorOf@VReferencePosition@RegxParser@xercesc_3_1@@@xercesc_3_1@@UAEPAXI@Z 1200e67b f i RegxParser.obj
 0001:0000d67b       ??_G?$BaseRefVectorOf@VReferencePosition@RegxParser@xercesc_3_1@@@xercesc_3_1@@UAEPAXI@Z 1200e67b f i RegxParser.obj
 0001:0000d698       ??_E?$RefVectorOf@VReferencePosition@RegxParser@xercesc_3_1@@@xercesc_3_1@@UAEPAXI@Z 1200e698 f i RegxParser.obj
 0001:0000d698       ??_G?$RefVectorOf@VReferencePosition@RegxParser@xercesc_3_1@@@xercesc_3_1@@UAEPAXI@Z 1200e698 f i RegxParser.obj
 0001:0000d6b5       ??0?$BaseRefVectorOf@VReferencePosition@RegxParser@xercesc_3_1@@@xercesc_3_1@@QAE@K_NQAVMemoryManager@1@@Z 1200e6b5 f i RegxParser.obj
 0001:0000d6ef       ?decomposeToSurrogates@RegxUtil@xercesc_3_1@@SAPAGHQAVMemoryManager@2@@Z 1200e6ef f   RegxUtil.obj
 0001:0000d71e       ?stripExtendedComment@RegxUtil@xercesc_3_1@@SAPAGQBGQAVMemoryManager@2@@Z 1200e71e f   RegxUtil.obj
 0001:0000d7ef       ??0StringToken@xercesc_3_1@@QAE@W4tokType@Token@1@QBGHQAVMemoryManager@1@@Z 1200e7ef f   StringToken.obj
 0001:0000d83a       ??_GStringToken@xercesc_3_1@@UAEPAXI@Z 1200e83a f i StringToken.obj
 0001:0000d83a       ??_EStringToken@xercesc_3_1@@UAEPAXI@Z 1200e83a f i StringToken.obj
 0001:0000d857       ??1StringToken@xercesc_3_1@@UAE@XZ 1200e857 f   StringToken.obj
 0001:0000d88f       ??_GToken@xercesc_3_1@@UAEPAXI@Z 1200e88f f i Token.obj
 0001:0000d88f       ??_EToken@xercesc_3_1@@UAEPAXI@Z 1200e88f f i Token.obj
 0001:0000d8ac       ??1Token@xercesc_3_1@@UAE@XZ 1200e8ac f   Token.obj
 0001:0000d8b3       ?getMinLength@Token@xercesc_3_1@@QBEKXZ 1200e8b3 f   Token.obj
 0001:0000d9d3       ?analyzeFirstCharacter@Token@xercesc_3_1@@QAE?AW4firstCharacterOptions@12@QAVRangeToken@2@HQAVTokenFactory@2@@Z 1200e9d3 f   Token.obj
 0001:0000dba3       ?findFixedString@Token@xercesc_3_1@@QAEPAV12@HAAH@Z 1200eba3 f   Token.obj
 0001:0000dc68       ?isShorterThan@Token@xercesc_3_1@@AAE_NQAV12@@Z 1200ec68 f   Token.obj
 0001:0000dca0       ??0TokenFactory@xercesc_3_1@@QAE@QAVMemoryManager@1@@Z 1200eca0 f   TokenFactory.obj
 0001:0000dd05       ??1OpFactory@xercesc_3_1@@QAE@XZ 1200ed05 f   OpFactory.obj
 0001:0000dd05       ??1TokenFactory@xercesc_3_1@@QAE@XZ 1200ed05 f   TokenFactory.obj
 0001:0000dd15       ?createToken@TokenFactory@xercesc_3_1@@QAEPAVToken@2@W4tokType@32@@Z 1200ed15 f   TokenFactory.obj
 0001:0000dd5a       ?createParenthesis@TokenFactory@xercesc_3_1@@QAEPAVParenToken@2@QAVToken@2@H@Z 1200ed5a f   TokenFactory.obj
 0001:0000dd91       ?createClosure@TokenFactory@xercesc_3_1@@QAEPAVClosureToken@2@QAVToken@2@_N@Z 1200ed91 f   TokenFactory.obj
 0001:0000ddda       ?createConcat@TokenFactory@xercesc_3_1@@QAEPAVConcatToken@2@QAVToken@2@0@Z 1200edda f   TokenFactory.obj
 0001:0000de0e       ?createUnion@TokenFactory@xercesc_3_1@@QAEPAVUnionToken@2@_N@Z 1200ee0e f   TokenFactory.obj
 0001:0000de60       ?createRange@TokenFactory@xercesc_3_1@@QAEPAVRangeToken@2@_N@Z 1200ee60 f   TokenFactory.obj
 0001:0000de9e       ?createChar@TokenFactory@xercesc_3_1@@QAEPAVCharToken@2@I_N@Z 1200ee9e f   TokenFactory.obj
 0001:0000deec       ?createBackReference@TokenFactory@xercesc_3_1@@QAEPAVStringToken@2@H@Z 1200eeec f   TokenFactory.obj
[...]
 0001:00027906       __ehhandler$?newInstance@NameDatatypeValidator@xercesc_3_1@@UAEPAVDatatypeValidator@2@QAV?$RefHashTableOf@VKVStringPair@xercesc_3_1@@UStringHasher@2@@2@QAV?$RefArrayVectorOf@G@2@HQAVMemoryManager@2@@Z 12028906 f    CIL library: CIL module
 0001:00027906       __ehhandler$?newInstance@FloatDatatypeValidator@xercesc_3_1@@UAEPAVDatatypeValidator@2@QAV?$RefHashTableOf@VKVStringPair@xercesc_3_1@@UStringHasher@2@@2@QAV?$RefArrayVectorOf@G@2@HQAVMemoryManager@2@@Z 12028906 f    CIL library: CIL module
 0001:00027906       __ehhandler$?newInstance@MonthDayDatatypeValidator@xercesc_3_1@@UAEPAVDatatypeValidator@2@QAV?$RefHashTableOf@VKVStringPair@xercesc_3_1@@UStringHasher@2@@2@QAV?$RefArrayVectorOf@G@2@HQAVMemoryManager@2@@Z 12028906 f    CIL library: CIL module
 0001:00027906       __ehhandler$?newInstance@DoubleDatatypeValidator@xercesc_3_1@@UAEPAVDatatypeValidator@2@QAV?$RefHashTableOf@VKVStringPair@xercesc_3_1@@UStringHasher@2@@2@QAV?$RefArrayVectorOf@G@2@HQAVMemoryManager@2@@Z 12028906 f    CIL library: CIL module
 0001:00027906       __ehhandler$?newInstance@IDREFDatatypeValidator@xercesc_3_1@@UAEPAVDatatypeValidator@2@QAV?$RefHashTableOf@VKVStringPair@xercesc_3_1@@UStringHasher@2@@2@QAV?$RefArrayVectorOf@G@2@HQAVMemoryManager@2@@Z 12028906 f    CIL library: CIL module
 0001:00027906       __ehhandler$?newInstance@MonthDatatypeValidator@xercesc_3_1@@UAEPAVDatatypeValidator@2@QAV?$RefHashTableOf@VKVStringPair@xercesc_3_1@@UStringHasher@2@@2@QAV?$RefArrayVectorOf@G@2@HQAVMemoryManager@2@@Z 12028906 f    CIL library: CIL module
 0001:00027906       __ehhandler$?newInstance@DecimalDatatypeValidator@xercesc_3_1@@UAEPAVDatatypeValidator@2@QAV?$RefHashTableOf@VKVStringPair@xercesc_3_1@@UStringHasher@2@@2@QAV?$RefArrayVectorOf@G@2@HQAVMemoryManager@2@@Z 12028906 f    CIL library: CIL module
 0001:00027910       $L187127                   12028910 f    CIL library: CIL module
 0001:00027918       $L187128                   12028918 f    CIL library: CIL module
 0001:00027922       __ehhandler$?assignFacet@AbstractStringValidator@xercesc_3_1@@AAEXQAVMemoryManager@2@@Z 12028922 f    CIL library: CIL module
 0001:0002792c       $L187227                   1202892c f    CIL library: CIL module
 0001:00027934       $L187228                   12028934 f    CIL library: CIL module
 0001:0002793e       __ehhandler$?assignFacet@AbstractNumericFacetValidator@xercesc_3_1@@AAEXQAVMemoryManager@2@@Z 1202893e f    CIL library: CIL module
 0001:00027948       $L187595                   12028948 f    CIL library: CIL module
 0001:00027950       __ehhandler$?loadObject@XTemplateSerializer@xercesc_3_1@@SAXPAPAV?$RefHash2KeysTableOf@V?$ValueVectorOf@PAVSchemaElementDecl@xercesc_3_1@@@xercesc_3_1@@UStringHasher@2@@2@H_NAAVXSerializeEngine@2@@Z 12028950 f    CIL library: CIL module
 0001:0002795a       $L187637                   1202895a f    CIL library: CIL module
 0001:00027962       __ehhandler$?storeObject@XTemplateSerializer@xercesc_3_1@@SAXQAV?$RefHash2KeysTableOf@V?$ValueVectorOf@PAVSchemaElementDecl@xercesc_3_1@@@xercesc_3_1@@UStringHasher@2@@2@AAVXSerializeEngine@2@@Z 12028962 f    CIL library: CIL module
 0001:0002796c       $L187719                   1202896c f    CIL library: CIL module
 0001:00027974       $L187720                   12028974 f    CIL library: CIL module
 0001:0002797c       __ehhandler$?loadObject@XTemplateSerializer@xercesc_3_1@@SAXPAPAV?$RefHashTableOf@VDatatypeValidator@xercesc_3_1@@UStringHasher@2@@2@H_NAAVXSerializeEngine@2@@Z 1202897c f    CIL library: CIL module
 0001:00027986       $L187852                   12028986 f    CIL library: CIL module
 0001:00027986       $L187896                   12028986 f    CIL library: CIL module
 0001:00027986       $L183037                   12028986 f    CIL library: CIL module
 0001:00027986       $L187786                   12028986 f    CIL library: CIL module
 0001:00027986       $L160417                   12028986 f    CIL library: CIL module
 0001:00027986       $L187870                   12028986 f    CIL library: CIL module
 0001:00027986       $L187830                   12028986 f    CIL library: CIL module
 0001:00027986       $L187668                   12028986 f    CIL library: CIL module
 0001:0002798e       __ehhandler$?loadObject@XTemplateSerializer@xercesc_3_1@@SAXPAPAV?$RefHash2KeysTableOf@VSchemaAttDef@xercesc_3_1@@UStringHasher@2@@2@H_NAAVXSerializeEngine@2@@Z 1202898e f    CIL library: CIL module
 0001:0002798e       __ehhandler$?loadObject@XTemplateSerializer@xercesc_3_1@@SAXPAPAV?$RefHashTableOf@VXercesAttGroupInfo@xercesc_3_1@@UStringHasher@2@@2@H_NAAVXSerializeEngine@2@@Z 1202898e f    CIL library: CIL module
 0001:0002798e       __ehhandler$?loadObject@XTemplateSerializer@xercesc_3_1@@SAXPAPAV?$RefHashTableOf@VDTDAttDef@xercesc_3_1@@UStringHasher@2@@2@H_NAAVXSerializeEngine@2@@Z 1202898e f    CIL library: CIL module
 0001:0002798e       __ehhandler$?loadObject@XTemplateSerializer@xercesc_3_1@@SAXPAPAV?$RefHashTableOf@VXMLAttDef@xercesc_3_1@@UStringHasher@2@@2@H_NAAVXSerializeEngine@2@@Z 1202898e f    CIL library: CIL module
 0001:0002798e       __ehhandler$?processBackReference@RegxParser@xercesc_3_1@@MAEPAVToken@2@XZ 1202898e f    CIL library: CIL module
 0001:0002798e       __ehhandler$?loadObject@XTemplateSerializer@xercesc_3_1@@SAXPAPAV?$RefHashTableOf@VComplexTypeInfo@xercesc_3_1@@UStringHasher@2@@2@H_NAAVXSerializeEngine@2@@Z 1202898e f    CIL library: CIL module
 0001:0002798e       __ehhandler$?loadObject@XTemplateSerializer@xercesc_3_1@@SAXPAPAV?$RefHashTableOf@VKVStringPair@xercesc_3_1@@UStringHasher@2@@2@H_NAAVXSerializeEngine@2@@Z 1202898e f    CIL library: CIL module
 0001:0002798e       __ehhandler$?loadObject@XTemplateSerializer@xercesc_3_1@@SAXPAPAV?$RefHashTableOf@VXSAnnotation@xercesc_3_1@@UPtrHasher@2@@2@H_NAAVXSerializeEngine@2@@Z 1202898e f    CIL library: CIL module
 0001:00027998       $L187918                   12028998 f    CIL library: CIL module
 0001:00027998       $L187935                   12028998 f    CIL library: CIL module
 0001:00027998       $L183525                   12028998 f    CIL library: CIL module
 0001:00027998       $L187952                   12028998 f    CIL library: CIL module
 0001:00027998       $L183431                   12028998 f    CIL library: CIL module
 0001:00027998       $L183472                   12028998 f    CIL library: CIL module
 0001:00027998       $L188038                   12028998 f    CIL library: CIL module
 0001:00027998       $L188004                   12028998 f    CIL library: CIL module
 0001:00027998       $L187969                   12028998 f    CIL library: CIL module
 0001:00027998       $L187987                   12028998 f    CIL library: CIL module
 0001:00027998       $L183499                   12028998 f    CIL library: CIL module
 0001:000279a0       __ehhandler$?loadObject@XTemplateSerializer@xercesc_3_1@@SAXPAPAV?$RefVectorOf@VDatatypeValidator@xercesc_3_1@@@2@H_NAAVXSerializeEngine@2@@Z 120289a0 f    CIL library: CIL module
 0001:000279a0       __ehhandler$?loadObject@XTemplateSerializer@xercesc_3_1@@SAXPAPAV?$RefVectorOf@VXMLNumber@xercesc_3_1@@@2@H_NW4NumberType@XMLNumber@2@AAVXSerializeEngine@2@@Z 120289a0 f    CIL library: CIL module
 0001:000279a0       __ehhandler$?loadObject@XTemplateSerializer@xercesc_3_1@@SAXPAPAV?$RefVectorOf@VIC_Field@xercesc_3_1@@@2@H_NAAVXSerializeEngine@2@@Z 120289a0 f    CIL library: CIL module
 0001:000279a0       __ehhandler$?loadObject@XTemplateSerializer@xercesc_3_1@@SAXPAPAV?$RefVectorOf@VSchemaElementDecl@xercesc_3_1@@@2@H_NAAVXSerializeEngine@2@@Z 120289a0 f    CIL library: CIL module
 0001:000279a0       __ehhandler$?loadObject@XTemplateSerializer@xercesc_3_1@@SAXPAPAV?$RefVectorOf@VSchemaAttDef@xercesc_3_1@@@2@H_NAAVXSerializeEngine@2@@Z 120289a0 f    CIL library: CIL module
 0001:000279a0       __ehhandler$?loadObject@XTemplateSerializer@xercesc_3_1@@SAXPAPAV?$RefArrayVectorOf@G@2@H_NAAVXSerializeEngine@2@@Z 120289a0 f    CIL library: CIL module
 0001:000279a0       __ehhandler$?loadObject@XTemplateSerializer@xercesc_3_1@@SAXPAPAV?$ValueVectorOf@PAVSchemaElementDecl@xercesc_3_1@@@2@H_NAAVXSerializeEngine@2@@Z 120289a0 f    CIL library: CIL module
 0001:000279a0       __ehhandler$?loadObject@XTemplateSerializer@xercesc_3_1@@SAXPAPAV?$RefVectorOf@VXercesLocationPath@xercesc_3_1@@@2@H_NAAVXSerializeEngine@2@@Z 120289a0 f    CIL library: CIL module
 0001:000279a0       __ehhandler$?loadObject@XTemplateSerializer@xercesc_3_1@@SAXPAPAV?$ValueVectorOf@I@2@H_NAAVXSerializeEngine@2@@Z 120289a0 f    CIL library: CIL module
 0001:000279a0       __ehhandler$?loadObject@XTemplateSerializer@xercesc_3_1@@SAXPAPAV?$RefVectorOf@VIdentityConstraint@xercesc_3_1@@@2@H_NAAVXSerializeEngine@2@@Z 120289a0 f    CIL library: CIL module
 0001:000279a0       __ehhandler$?loadObject@XTemplateSerializer@xercesc_3_1@@SAXPAPAV?$RefVectorOf@VXercesStep@xercesc_3_1@@@2@H_NAAVXSerializeEngine@2@@Z 120289a0 f    CIL library: CIL module
 0001:000279aa       $L190036                   120289aa f    CIL library: CIL module
 0001:000279aa       $L190123                   120289aa f    CIL library: CIL module
 0001:000279aa       $L189952                   120289aa f    CIL library: CIL module
 0001:000279aa       $L190114                   120289aa f    CIL library: CIL module
 0001:000279aa       $L189961                   120289aa f    CIL library: CIL module
 0001:000279aa       $L189970                   120289aa f    CIL library: CIL module
 0001:000279aa       $L190093                   120289aa f    CIL library: CIL module
 0001:000279aa       $L190027                   120289aa f    CIL library: CIL module
 0001:000279aa       $L190105                   120289aa f    CIL library: CIL module
 0001:000279b2       __ehhandler$??0MonthDatatypeValidator@xercesc_3_1@@QAE@QAVDatatypeValidator@1@QAV?$RefHashTableOf@VKVStringPair@xercesc_3_1@@UStringHasher@2@@1@QAV?$RefArrayVectorOf@G@1@HQAVMemoryManager@1@@Z 120289b2 f    CIL library: CIL module
 0001:000279b2       __ehhandler$??0MonthDayDatatypeValidator@xercesc_3_1@@QAE@QAVDatatypeValidator@1@QAV?$RefHashTableOf@VKVStringPair@xercesc_3_1@@UStringHasher@2@@1@QAV?$RefArrayVectorOf@G@1@HQAVMemoryManager@1@@Z 120289b2 f    CIL library: CIL module
 0001:000279b2       __ehhandler$??0TimeDatatypeValidator@xercesc_3_1@@QAE@QAVDatatypeValidator@1@QAV?$RefHashTableOf@VKVStringPair@xercesc_3_1@@UStringHasher@2@@1@QAV?$RefArrayVectorOf@G@1@HQAVMemoryManager@1@@Z 120289b2 f    CIL library: CIL module
 0001:000279b2       __ehhandler$??0DurationDatatypeValidator@xercesc_3_1@@QAE@QAVDatatypeValidator@1@QAV?$RefHashTableOf@VKVStringPair@xercesc_3_1@@UStringHasher@2@@1@QAV?$RefArrayVectorOf@G@1@HQAVMemoryManager@1@@Z 120289b2 f    CIL library: CIL module
 0001:000279b2       __ehhandler$??0YearDatatypeValidator@xercesc_3_1@@QAE@QAVDatatypeValidator@1@QAV?$RefHashTableOf@VKVStringPair@xercesc_3_1@@UStringHasher@2@@1@QAV?$RefArrayVectorOf@G@1@HQAVMemoryManager@1@@Z 120289b2 f    CIL library: CIL module
 0001:000279b2       __ehhandler$??0DayDatatypeValidator@xercesc_3_1@@QAE@QAVDatatypeValidator@1@QAV?$RefHashTableOf@VKVStringPair@xercesc_3_1@@UStringHasher@2@@1@QAV?$RefArrayVectorOf@G@1@HQAVMemoryManager@1@@Z 120289b2 f    CIL library: CIL module
 0001:000279b2       __ehhandler$??0YearMonthDatatypeValidator@xercesc_3_1@@QAE@QAVDatatypeValidator@1@QAV?$RefHashTableOf@VKVStringPair@xercesc_3_1@@UStringHasher@2@@1@QAV?$RefArrayVectorOf@G@1@HQAVMemoryManager@1@@Z 120289b2 f    CIL library: CIL module
 0001:000279b2       __ehhandler$??0DateTimeDatatypeValidator@xercesc_3_1@@QAE@QAVDatatypeValidator@1@QAV?$RefHashTableOf@VKVStringPair@xercesc_3_1@@UStringHasher@2@@1@QAV?$RefArrayVectorOf@G@1@HQAVMemoryManager@1@@Z 120289b2 f    CIL library: CIL module
 0001:000279b2       __ehhandler$??0DateDatatypeValidator@xercesc_3_1@@QAE@QAVDatatypeValidator@1@QAV?$RefHashTableOf@VKVStringPair@xercesc_3_1@@UStringHasher@2@@1@QAV?$RefArrayVectorOf@G@1@HQAVMemoryManager@1@@Z 120289b2 f    CIL library: CIL module
 0001:000279bc       $L190075                   120289bc f    CIL library: CIL module
 0001:000279bc       $L190748                   120289bc f    CIL library: CIL module
 0001:000279bc       $L190000                   120289bc f    CIL library: CIL module
 0001:000279bc       $L190739                   120289bc f    CIL library: CIL module
 0001:000279bc       $L189979                   120289bc f    CIL library: CIL module
 0001:000279bc       $L190046                   120289bc f    CIL library: CIL module
 0001:000279bc       $L189991                   120289bc f    CIL library: CIL module
 0001:000279c4       __ehhandler$??0Base64BinaryDatatypeValidator@xercesc_3_1@@QAE@QAVDatatypeValidator@1@QAV?$RefHashTableOf@VKVStringPair@xercesc_3_1@@UStringHasher@2@@1@QAV?$RefArrayVectorOf@G@1@HQAVMemoryManager@1@@Z 120289c4 f    CIL library: CIL module
 0001:000279c4       __ehhandler$??0NOTATIONDatatypeValidator@xercesc_3_1@@QAE@QAVDatatypeValidator@1@QAV?$RefHashTableOf@VKVStringPair@xercesc_3_1@@UStringHasher@2@@1@QAV?$RefArrayVectorOf@G@1@HQAVMemoryManager@1@@Z 120289c4 f    CIL library: CIL module
 0001:000279c4       __ehhandler$??0StringDatatypeValidator@xercesc_3_1@@QAE@QAVDatatypeValidator@1@QAV?$RefHashTableOf@VKVStringPair@xercesc_3_1@@UStringHasher@2@@1@QAV?$RefArrayVectorOf@G@1@HQAVMemoryManager@1@@Z 120289c4 f    CIL library: CIL module
 0001:000279c4       __ehhandler$??0QNameDatatypeValidator@xercesc_3_1@@QAE@QAVDatatypeValidator@1@QAV?$RefHashTableOf@VKVStringPair@xercesc_3_1@@UStringHasher@2@@1@QAV?$RefArrayVectorOf@G@1@HQAVMemoryManager@1@@Z 120289c4 f    CIL library: CIL module
 0001:000279c4       __ehhandler$??0ListDatatypeValidator@xercesc_3_1@@QAE@QAVDatatypeValidator@1@QAV?$RefHashTableOf@VKVStringPair@xercesc_3_1@@UStringHasher@2@@1@QAV?$RefArrayVectorOf@G@1@HQAVMemoryManager@1@@Z 120289c4 f    CIL library: CIL module
 0001:000279c4       __ehhandler$??0HexBinaryDatatypeValidator@xercesc_3_1@@QAE@QAVDatatypeValidator@1@QAV?$RefHashTableOf@VKVStringPair@xercesc_3_1@@UStringHasher@2@@1@QAV?$RefArrayVectorOf@G@1@HQAVMemoryManager@1@@Z 120289c4 f    CIL library: CIL module
 0001:000279c4       __ehhandler$??0AnyURIDatatypeValidator@xercesc_3_1@@QAE@QAVDatatypeValidator@1@QAV?$RefHashTableOf@VKVStringPair@xercesc_3_1@@UStringHasher@2@@1@QAV?$RefArrayVectorOf@G@1@HQAVMemoryManager@1@@Z 120289c4 f    CIL library: CIL module
 0001:000279ce       $L190084                   120289ce f    CIL library: CIL module
 0001:000279ce       $L190009                   120289ce f    CIL library: CIL module
 0001:000279ce       $L190018                   120289ce f    CIL library: CIL module
 0001:000279ce       $L190057                   120289ce f    CIL library: CIL module
 0001:000279ce       $L190066                   120289ce f    CIL library: CIL module
 0001:000279d6       __ehhandler$??0IDREFDatatypeValidator@xercesc_3_1@@QAE@QAVDatatypeValidator@1@QAV?$RefHashTableOf@VKVStringPair@xercesc_3_1@@UStringHasher@2@@1@QAV?$RefArrayVectorOf@G@1@HQAVMemoryManager@1@@Z 120289d6 f    CIL library: CIL module
 0001:000279d6       __ehhandler$??0NameDatatypeValidator@xercesc_3_1@@QAE@QAVDatatypeValidator@1@QAV?$RefHashTableOf@VKVStringPair@xercesc_3_1@@UStringHasher@2@@1@QAV?$RefArrayVectorOf@G@1@HQAVMemoryManager@1@@Z 120289d6 f    CIL library: CIL module
 0001:000279d6       __ehhandler$??0ENTITYDatatypeValidator@xercesc_3_1@@QAE@QAVDatatypeValidator@1@QAV?$RefHashTableOf@VKVStringPair@xercesc_3_1@@UStringHasher@2@@1@QAV?$RefArrayVectorOf@G@1@HQAVMemoryManager@1@@Z 120289d6 f    CIL library: CIL module
 0001:000279d6       __ehhandler$??0NCNameDatatypeValidator@xercesc_3_1@@QAE@QAVDatatypeValidator@1@QAV?$RefHashTableOf@VKVStringPair@xercesc_3_1@@UStringHasher@2@@1@QAV?$RefArrayVectorOf@G@1@HQAVMemoryManager@1@@Z 120289d6 f    CIL library: CIL module
 0001:000279d6       __ehhandler$??0IDDatatypeValidator@xercesc_3_1@@QAE@QAVDatatypeValidator@1@QAV?$RefHashTableOf@VKVStringPair@xercesc_3_1@@UStringHasher@2@@1@QAV?$RefArrayVectorOf@G@1@HQAVMemoryManager@1@@Z 120289d6 f    CIL library: CIL module
 0001:000279e0       $L190680                   120289e0 f    CIL library: CIL module
 0001:000279e8       $L190681                   120289e8 f    CIL library: CIL module
 0001:000279f0       $L190682                   120289f0 f    CIL library: CIL module
 0001:000279f8       $L190683                   120289f8 f    CIL library: CIL module
 0001:00027a00       __ehhandler$?serialize@DatatypeValidator@xercesc_3_1@@UAEXAAVXSerializeEngine@2@@Z 12028a00 f    CIL library: CIL module
 0001:00027a0a       $L192601                   12028a0a f    CIL library: CIL module
 0001:00027a0a       $L192657                   12028a0a f    CIL library: CIL module
 0001:00027a0a       $L192645                   12028a0a f    CIL library: CIL module
 0001:00027a12       __ehhandler$??0DecimalDatatypeValidator@xercesc_3_1@@QAE@QAVDatatypeValidator@1@QAV?$RefHashTableOf@VKVStringPair@xercesc_3_1@@UStringHasher@2@@1@QAV?$RefArrayVectorOf@G@1@HQAVMemoryManager@1@@Z 12028a12 f    CIL library: CIL module
 0001:00027a12       __ehhandler$??0FloatDatatypeValidator@xercesc_3_1@@QAE@QAVDatatypeValidator@1@QAV?$RefHashTableOf@VKVStringPair@xercesc_3_1@@UStringHasher@2@@1@QAV?$RefArrayVectorOf@G@1@HQAVMemoryManager@1@@Z 12028a12 f    CIL library: CIL module
 0001:00027a12       __ehhandler$??0DoubleDatatypeValidator@xercesc_3_1@@QAE@QAVDatatypeValidator@1@QAV?$RefHashTableOf@VKVStringPair@xercesc_3_1@@UStringHasher@2@@1@QAV?$RefArrayVectorOf@G@1@HQAVMemoryManager@1@@Z 12028a12 f    CIL library: CIL module
 0001:00027a1c       _$E1                       12028a1c f   DOMTypeInfoImpl.obj
 0001:00027a32       _$E1                       12028a32 f   DOMTypeInfoImpl.obj
 0001:00027a4c       _$E4                       12028a4c f   DOMTypeInfoImpl.obj
 0001:00027a66       _$E7                       12028a66 f   DOMTypeInfoImpl.obj
 0001:00027a86       _$E10                      12028a86 f   DOMTypeInfoImpl.obj
 0001:00027aa6       _$E13                      12028aa6 f   DOMTypeInfoImpl.obj
 0001:00027ac6       _$E16                      12028ac6 f   DOMTypeInfoImpl.obj
 0001:00027ae6       _$E19                      12028ae6 f   DOMTypeInfoImpl.obj
 0001:00027b06       _$E22                      12028b06 f   DOMTypeInfoImpl.obj
 0001:00027b26       _$E25                      12028b26 f   DOMTypeInfoImpl.obj
 0001:00027b46       _$E28                      12028b46 f   DOMTypeInfoImpl.obj
 0001:00027b66       _$E31                      12028b66 f   DOMTypeInfoImpl.obj
 0001:00027b86       _$E34                      12028b86 f   DOMTypeInfoImpl.obj
 0001:00027ba6       _$E2                       12028ba6 f   DOMTypeInfoImpl.obj
 0001:00027bb0       _$E2                       12028bb0 f   DOMTypeInfoImpl.obj
 0001:00027bba       _$E5                       12028bba f   DOMTypeInfoImpl.obj
 0001:00027bc4       _$E8                       12028bc4 f   DOMTypeInfoImpl.obj
 0001:00027bce       _$E11                      12028bce f   DOMTypeInfoImpl.obj
 0001:00027bd8       _$E14                      12028bd8 f   DOMTypeInfoImpl.obj
 0001:00027be2       _$E17                      12028be2 f   DOMTypeInfoImpl.obj
 0001:00027bec       _$E20                      12028bec f   DOMTypeInfoImpl.obj
 0001:00027bf6       _$E23                      12028bf6 f   DOMTypeInfoImpl.obj
 0001:00027c00       _$E26                      12028c00 f   DOMTypeInfoImpl.obj
 0001:00027c0a       _$E29                      12028c0a f   DOMTypeInfoImpl.obj
 0001:00027c14       _$E32                      12028c14 f   DOMTypeInfoImpl.obj
 0001:00027c1e       _$E35                      12028c1e f   DOMTypeInfoImpl.obj
